Archive member included to satisfy reference by file (symbol)

c:/st/stm32cubeide_1.3.0/stm32cubeide/plugins/com.st.stm32cube.ide.mcu.externaltools.gnu-tools-for-stm32.7-2018-q2-update.win32_1.5.0.202011040924/tools/bin/../lib/gcc/arm-none-eabi/7.3.1/../../../../arm-none-eabi/lib/thumb/v7-m\libc_nano.a(lib_a-atoi.o)
                              ioLibrary_Driver/Internet/FTPClient/ftpc.o (atoi)
c:/st/stm32cubeide_1.3.0/stm32cubeide/plugins/com.st.stm32cube.ide.mcu.externaltools.gnu-tools-for-stm32.7-2018-q2-update.win32_1.5.0.202011040924/tools/bin/../lib/gcc/arm-none-eabi/7.3.1/../../../../arm-none-eabi/lib/thumb/v7-m\libc_nano.a(lib_a-errno.o)
                              Core/Src/syscalls.o (__errno)
c:/st/stm32cubeide_1.3.0/stm32cubeide/plugins/com.st.stm32cube.ide.mcu.externaltools.gnu-tools-for-stm32.7-2018-q2-update.win32_1.5.0.202011040924/tools/bin/../lib/gcc/arm-none-eabi/7.3.1/../../../../arm-none-eabi/lib/thumb/v7-m\libc_nano.a(lib_a-exit.o)
                              c:/st/stm32cubeide_1.3.0/stm32cubeide/plugins/com.st.stm32cube.ide.mcu.externaltools.gnu-tools-for-stm32.7-2018-q2-update.win32_1.5.0.202011040924/tools/bin/../lib/gcc/arm-none-eabi/7.3.1/../../../../arm-none-eabi/lib/thumb/v7-m/crt0.o (exit)
c:/st/stm32cubeide_1.3.0/stm32cubeide/plugins/com.st.stm32cube.ide.mcu.externaltools.gnu-tools-for-stm32.7-2018-q2-update.win32_1.5.0.202011040924/tools/bin/../lib/gcc/arm-none-eabi/7.3.1/../../../../arm-none-eabi/lib/thumb/v7-m\libc_nano.a(lib_a-impure.o)
                              c:/st/stm32cubeide_1.3.0/stm32cubeide/plugins/com.st.stm32cube.ide.mcu.externaltools.gnu-tools-for-stm32.7-2018-q2-update.win32_1.5.0.202011040924/tools/bin/../lib/gcc/arm-none-eabi/7.3.1/../../../../arm-none-eabi/lib/thumb/v7-m\libc_nano.a(lib_a-exit.o) (_global_impure_ptr)
c:/st/stm32cubeide_1.3.0/stm32cubeide/plugins/com.st.stm32cube.ide.mcu.externaltools.gnu-tools-for-stm32.7-2018-q2-update.win32_1.5.0.202011040924/tools/bin/../lib/gcc/arm-none-eabi/7.3.1/../../../../arm-none-eabi/lib/thumb/v7-m\libc_nano.a(lib_a-init.o)
                              c:/st/stm32cubeide_1.3.0/stm32cubeide/plugins/com.st.stm32cube.ide.mcu.externaltools.gnu-tools-for-stm32.7-2018-q2-update.win32_1.5.0.202011040924/tools/bin/../lib/gcc/arm-none-eabi/7.3.1/../../../../arm-none-eabi/lib/thumb/v7-m/crt0.o (__libc_init_array)
c:/st/stm32cubeide_1.3.0/stm32cubeide/plugins/com.st.stm32cube.ide.mcu.externaltools.gnu-tools-for-stm32.7-2018-q2-update.win32_1.5.0.202011040924/tools/bin/../lib/gcc/arm-none-eabi/7.3.1/../../../../arm-none-eabi/lib/thumb/v7-m\libc_nano.a(lib_a-locale.o)
                              ioLibrary_Driver/Internet/FTPServer/ftpd.o (__locale_ctype_ptr)
c:/st/stm32cubeide_1.3.0/stm32cubeide/plugins/com.st.stm32cube.ide.mcu.externaltools.gnu-tools-for-stm32.7-2018-q2-update.win32_1.5.0.202011040924/tools/bin/../lib/gcc/arm-none-eabi/7.3.1/../../../../arm-none-eabi/lib/thumb/v7-m\libc_nano.a(lib_a-malloc.o)
                              ioLibrary_Driver/Internet/httpServer/httpServer.o (malloc)
c:/st/stm32cubeide_1.3.0/stm32cubeide/plugins/com.st.stm32cube.ide.mcu.externaltools.gnu-tools-for-stm32.7-2018-q2-update.win32_1.5.0.202011040924/tools/bin/../lib/gcc/arm-none-eabi/7.3.1/../../../../arm-none-eabi/lib/thumb/v7-m\libc_nano.a(lib_a-mbtowc_r.o)
                              c:/st/stm32cubeide_1.3.0/stm32cubeide/plugins/com.st.stm32cube.ide.mcu.externaltools.gnu-tools-for-stm32.7-2018-q2-update.win32_1.5.0.202011040924/tools/bin/../lib/gcc/arm-none-eabi/7.3.1/../../../../arm-none-eabi/lib/thumb/v7-m\libc_nano.a(lib_a-locale.o) (__ascii_mbtowc)
c:/st/stm32cubeide_1.3.0/stm32cubeide/plugins/com.st.stm32cube.ide.mcu.externaltools.gnu-tools-for-stm32.7-2018-q2-update.win32_1.5.0.202011040924/tools/bin/../lib/gcc/arm-none-eabi/7.3.1/../../../../arm-none-eabi/lib/thumb/v7-m\libc_nano.a(lib_a-memcmp.o)
                              ioLibrary_Driver/Internet/MQTT/MQTTPacket/src/MQTTConnectServer.o (memcmp)
c:/st/stm32cubeide_1.3.0/stm32cubeide/plugins/com.st.stm32cube.ide.mcu.externaltools.gnu-tools-for-stm32.7-2018-q2-update.win32_1.5.0.202011040924/tools/bin/../lib/gcc/arm-none-eabi/7.3.1/../../../../arm-none-eabi/lib/thumb/v7-m\libc_nano.a(lib_a-memcpy-stub.o)
                              ioLibrary_Driver/Internet/FTPServer/ftpd.o (memcpy)
c:/st/stm32cubeide_1.3.0/stm32cubeide/plugins/com.st.stm32cube.ide.mcu.externaltools.gnu-tools-for-stm32.7-2018-q2-update.win32_1.5.0.202011040924/tools/bin/../lib/gcc/arm-none-eabi/7.3.1/../../../../arm-none-eabi/lib/thumb/v7-m\libc_nano.a(lib_a-memset.o)
                              c:/st/stm32cubeide_1.3.0/stm32cubeide/plugins/com.st.stm32cube.ide.mcu.externaltools.gnu-tools-for-stm32.7-2018-q2-update.win32_1.5.0.202011040924/tools/bin/../lib/gcc/arm-none-eabi/7.3.1/../../../../arm-none-eabi/lib/thumb/v7-m/crt0.o (memset)
[...]
Memory Configuration

Name             Origin             Length             Attributes
RAM              0x0000000020000000 0x0000000000010000 xrw
FLASH            0x0000000008000000 0x0000000000080000 xr
*default*        0x0000000000000000 0xffffffffffffffff

Linker script and memory map

LOAD c:/st/stm32cubeide_1.3.0/stm32cubeide/plugins/com.st.stm32cube.ide.mcu.externaltools.gnu-tools-for-stm32.7-2018-q2-update.win32_1.5.0.202011040924/tools/bin/../lib/gcc/arm-none-eabi/7.3.1/thumb/v7-m/crti.o
LOAD c:/st/stm32cubeide_1.3.0/stm32cubeide/plugins/com.st.stm32cube.ide.mcu.externaltools.gnu-tools-for-stm32.7-2018-q2-update.win32_1.5.0.202011040924/tools/bin/../lib/gcc/arm-none-eabi/7.3.1/thumb/v7-m/crtbegin.o
LOAD c:/st/stm32cubeide_1.3.0/stm32cubeide/plugins/com.st.stm32cube.ide.mcu.externaltools.gnu-tools-for-stm32.7-2018-q2-update.win32_1.5.0.202011040924/tools/bin/../lib/gcc/arm-none-eabi/7.3.1/../../../../arm-none-eabi/lib/thumb/v7-m/crt0.o
LOAD Core/Src/APP_Web.o
LOAD Core/Src/main.o
LOAD Core/Src/stm32f1xx_hal_msp.o
LOAD Core/Src/stm32f1xx_hal_timebase_tim.o
LOAD Core/Src/stm32f1xx_it.o
LOAD Core/Src/syscalls.o
LOAD Core/Src/sysmem.o
LOAD Core/Src/system_stm32f1xx.o
LOAD Core/Src/userHandler.o
LOAD Core/Src/w5500_init.o
LOAD Core/Startup/startup_stm32f103vetx.o
LOAD Drivers/STM32F1xx_HAL_Driver/Src/stm32f1xx_hal.o
LOAD Drivers/STM32F1xx_HAL_Driver/Src/stm32f1xx_hal_cortex.o
LOAD Drivers/STM32F1xx_HAL_Driver/Src/stm32f1xx_hal_dma.o
LOAD Drivers/STM32F1xx_HAL_Driver/Src/stm32f1xx_hal_exti.o
LOAD Drivers/STM32F1xx_HAL_Driver/Src/stm32f1xx_hal_flash.o
LOAD Drivers/STM32F1xx_HAL_Driver/Src/stm32f1xx_hal_flash_ex.o
LOAD Drivers/STM32F1xx_HAL_Driver/Src/stm32f1xx_hal_gpio.o
LOAD Drivers/STM32F1xx_HAL_Driver/Src/stm32f1xx_hal_gpio_ex.o
LOAD Drivers/STM32F1xx_HAL_Driver/Src/stm32f1xx_hal_pwr.o
LOAD Drivers/STM32F1xx_HAL_Driver/Src/stm32f1xx_hal_rcc.o
LOAD Drivers/STM32F1xx_HAL_Driver/Src/stm32f1xx_hal_rcc_ex.o
LOAD Drivers/STM32F1xx_HAL_Driver/Src/stm32f1xx_hal_spi.o
LOAD Drivers/STM32F1xx_HAL_Driver/Src/stm32f1xx_hal_tim.o
LOAD Drivers/STM32F1xx_HAL_Driver/Src/stm32f1xx_hal_tim_ex.o
LOAD Drivers/STM32F1xx_HAL_Driver/Src/stm32f1xx_hal_uart.o
LOAD ioLibrary_Driver/Application/loopback/loopback.o
LOAD ioLibrary_Driver/Application/multicast/multicast.o
LOAD ioLibrary_Driver/Ethernet/W5100/w5100.o
LOAD ioLibrary_Driver/Ethernet/W5100S/w5100s.o
LOAD ioLibrary_Driver/Ethernet/W5200/w5200.o
LOAD ioLibrary_Driver/Ethernet/W5300/w5300.o
LOAD ioLibrary_Driver/Ethernet/W5500/w5500.o
LOAD ioLibrary_Driver/Ethernet/socket.o
LOAD ioLibrary_Driver/Ethernet/wizchip_conf.o
LOAD ioLibrary_Driver/Internet/DHCP/dhcp.o
LOAD ioLibrary_Driver/Internet/DNS/dns.o
LOAD ioLibrary_Driver/Internet/FTPClient/ftpc.o
LOAD ioLibrary_Driver/Internet/FTPServer/ftpd.o
LOAD ioLibrary_Driver/Internet/MQTT/MQTTClient.o
LOAD ioLibrary_Driver/Internet/MQTT/mqtt_interface.o
LOAD ioLibrary_Driver/Internet/MQTT/MQTTPacket/src/MQTTConnectClient.o
LOAD ioLibrary_Driver/Internet/MQTT/MQTTPacket/src/MQTTConnectServer.o
LOAD ioLibrary_Driver/Internet/MQTT/MQTTPacket/src/MQTTDeserializePublish.o
LOAD ioLibrary_Driver/Internet/MQTT/MQTTPacket/src/MQTTFormat.o
LOAD ioLibrary_Driver/Internet/MQTT/MQTTPacket/src/MQTTPacket.o
LOAD ioLibrary_Driver/Internet/MQTT/MQTTPacket/src/MQTTSerializePublish.o
LOAD ioLibrary_Driver/Internet/MQTT/MQTTPacket/src/MQTTSubscribeClient.o
LOAD ioLibrary_Driver/Internet/MQTT/MQTTPacket/src/MQTTSubscribeServer.o
LOAD ioLibrary_Driver/Internet/MQTT/MQTTPacket/src/MQTTUnsubscribeClient.o
LOAD ioLibrary_Driver/Internet/MQTT/MQTTPacket/src/MQTTUnsubscribeServer.o
LOAD ioLibrary_Driver/Internet/SNMP/snmp.o
LOAD ioLibrary_Driver/Internet/SNMP/snmp_custom.o
LOAD ioLibrary_Driver/Internet/SNTP/sntp.o
LOAD ioLibrary_Driver/Internet/TFTP/netutil.o
LOAD ioLibrary_Driver/Internet/TFTP/tftp.o
LOAD ioLibrary_Driver/Internet/httpServer/httpParser.o
LOAD ioLibrary_Driver/Internet/httpServer/httpServer.o
LOAD ioLibrary_Driver/Internet/httpServer/httpUtil.o
START GROUP
LOAD c:/st/stm32cubeide_1.3.0/stm32cubeide/plugins/com.st.stm32cube.ide.mcu.externaltools.gnu-tools-for-stm32.7-2018-q2-update.win32_1.5.0.202011040924/tools/bin/../lib/gcc/arm-none-eabi/7.3.1/../../../../arm-none-eabi/lib/thumb/v7-m\libc_nano.a
LOAD c:/st/stm32cubeide_1.3.0/stm32cubeide/plugins/com.st.stm32cube.ide.mcu.externaltools.gnu-tools-for-stm32.7-2018-q2-update.win32_1.5.0.202011040924/tools/bin/../lib/gcc/arm-none-eabi/7.3.1/../../../../arm-none-eabi/lib/thumb/v7-m\libm.a
END GROUP
START GROUP
LOAD c:/st/stm32cubeide_1.3.0/stm32cubeide/plugins/com.st.stm32cube.ide.mcu.externaltools.gnu-tools-for-stm32.7-2018-q2-update.win32_1.5.0.202011040924/tools/bin/../lib/gcc/arm-none-eabi/7.3.1/thumb/v7-m\libgcc.a
LOAD c:/st/stm32cubeide_1.3.0/stm32cubeide/plugins/com.st.stm32cube.ide.mcu.externaltools.gnu-tools-for-stm32.7-2018-q2-update.win32_1.5.0.202011040924/tools/bin/../lib/gcc/arm-none-eabi/7.3.1/../../../../arm-none-eabi/lib/thumb/v7-m\libc_nano.a
END GROUP
START GROUP
LOAD c:/st/stm32cubeide_1.3.0/stm32cubeide/plugins/com.st.stm32cube.ide.mcu.externaltools.gnu-tools-for-stm32.7-2018-q2-update.win32_1.5.0.202011040924/tools/bin/../lib/gcc/arm-none-eabi/7.3.1/thumb/v7-m\libgcc.a
LOAD c:/st/stm32cubeide_1.3.0/stm32cubeide/plugins/com.st.stm32cube.ide.mcu.externaltools.gnu-tools-for-stm32.7-2018-q2-update.win32_1.5.0.202011040924/tools/bin/../lib/gcc/arm-none-eabi/7.3.1/../../../../arm-none-eabi/lib/thumb/v7-m\libc_nano.a
LOAD c:/st/stm32cubeide_1.3.0/stm32cubeide/plugins/com.st.stm32cube.ide.mcu.externaltools.gnu-tools-for-stm32.7-2018-q2-update.win32_1.5.0.202011040924/tools/bin/../lib/gcc/arm-none-eabi/7.3.1/../../../../arm-none-eabi/lib/thumb/v7-m\libnosys.a
END GROUP
START GROUP
LOAD c:/st/stm32cubeide_1.3.0/stm32cubeide/plugins/com.st.stm32cube.ide.mcu.externaltools.gnu-tools-for-stm32.7-2018-q2-update.win32_1.5.0.202011040924/tools/bin/../lib/gcc/arm-none-eabi/7.3.1/thumb/v7-m\libgcc.a
LOAD c:/st/stm32cubeide_1.3.0/stm32cubeide/plugins/com.st.stm32cube.ide.mcu.externaltools.gnu-tools-for-stm32.7-2018-q2-update.win32_1.5.0.202011040924/tools/bin/../lib/gcc/arm-none-eabi/7.3.1/../../../../arm-none-eabi/lib/thumb/v7-m\libc_nano.a
LOAD c:/st/stm32cubeide_1.3.0/stm32cubeide/plugins/com.st.stm32cube.ide.mcu.externaltools.gnu-tools-for-stm32.7-2018-q2-update.win32_1.5.0.202011040924/tools/bin/../lib/gcc/arm-none-eabi/7.3.1/../../../../arm-none-eabi/lib/thumb/v7-m\libnosys.a
END GROUP
LOAD c:/st/stm32cubeide_1.3.0/stm32cubeide/plugins/com.st.stm32cube.ide.mcu.externaltools.gnu-tools-for-stm32.7-2018-q2-update.win32_1.5.0.202011040924/tools/bin/../lib/gcc/arm-none-eabi/7.3.1/thumb/v7-m/crtend.o
LOAD c:/st/stm32cubeide_1.3.0/stm32cubeide/plugins/com.st.stm32cube.ide.mcu.externaltools.gnu-tools-for-stm32.7-2018-q2-update.win32_1.5.0.202011040924/tools/bin/../lib/gcc/arm-none-eabi/7.3.1/thumb/v7-m/crtn.o
                0x0000000020010000                _estack = (ORIGIN (RAM) + LENGTH (RAM))
                0x0000000000000200                _Min_Heap_Size = 0x200
                0x0000000000000400                _Min_Stack_Size = 0x400

.isr_vector     0x0000000008000000      0x1e4
                0x0000000008000000                . = ALIGN (0x4)
 *(.isr_vector)
 .isr_vector    0x0000000008000000      0x1e4 Core/Startup/startup_stm32f103vetx.o
                0x0000000008000000                g_pfnVectors
                0x00000000080001e4                . = ALIGN (0x4)

.text           0x00000000080001e4     0x7948
                0x00000000080001e4                . = ALIGN (0x4)
 *(.text)
 .text          0x00000000080001e4       0x40 c:/st/stm32cubeide_1.3.0/stm32cubeide/plugins/com.st.stm32cube.ide.mcu.externaltools.gnu-tools-for-stm32.7-2018-q2-update.win32_1.5.0.202011040924/tools/bin/../lib/gcc/arm-none-eabi/7.3.1/thumb/v7-m/crtbegin.o
 .text          0x0000000008000224       0x14 c:/st/stm32cubeide_1.3.0/stm32cubeide/plugins/com.st.stm32cube.ide.mcu.externaltools.gnu-tools-for-stm32.7-2018-q2-update.win32_1.5.0.202011040924/tools/bin/../lib/gcc/arm-none-eabi/7.3.1/../../../../arm-none-eabi/lib/thumb/v7-m\libc_nano.a(lib_a-strcmp.o)
                0x0000000008000224                strcmp
 .text          0x0000000008000238       0x10 c:/st/stm32cubeide_1.3.0/stm32cubeide/plugins/com.st.stm32cube.ide.mcu.externaltools.gnu-tools-for-stm32.7-2018-q2-update.win32_1.5.0.202011040924/tools/bin/../lib/gcc/arm-none-eabi/7.3.1/../../../../arm-none-eabi/lib/thumb/v7-m\libc_nano.a(lib_a-strlen.o)
                0x0000000008000238                strlen
 *(.text*)
 .text.__NVIC_SystemReset
                0x0000000008000248       0x28 Core/Src/APP_Web.o
 .text.Init_WebAPP
                0x0000000008000270      0x154 Core/Src/APP_Web.o
                0x0000000008000270                Init_WebAPP
 .text.Task_WebAPP
                0x00000000080003c4       0x3c Core/Src/APP_Web.o
                0x00000000080003c4                Task_WebAPP
 .text.__io_putchar
                0x0000000008000400       0x24 Core/Src/main.o
                0x0000000008000400                __io_putchar
 .text.main     0x0000000008000424       0x40 Core/Src/main.o
                0x0000000008000424                main
 .text.SystemClock_Config
                0x0000000008000464       0x8a Core/Src/main.o
                0x0000000008000464                SystemClock_Config
 *fill*         0x00000000080004ee        0x2 
 .text.MX_SPI2_Init
                0x00000000080004f0       0x6c Core/Src/main.o
 .text.MX_UART4_Init
                0x000000000800055c       0x54 Core/Src/main.o
 .text.MX_GPIO_Init
                0x00000000080005b0       0xc4 Core/Src/main.o
 .text.HAL_TIM_PeriodElapsedCallback
                0x0000000008000674       0x48 Core/Src/main.o
                0x0000000008000674                HAL_TIM_PeriodElapsedCallback
 .text.Error_Handler
                0x00000000080006bc        0x8 Core/Src/main.o
                0x00000000080006bc                Error_Handler
 .text.HAL_MspInit
                0x00000000080006c4       0x64 Core/Src/stm32f1xx_hal_msp.o
                0x00000000080006c4                HAL_MspInit
 .text.HAL_SPI_MspInit
                0x0000000008000728       0x98 Core/Src/stm32f1xx_hal_msp.o
                0x0000000008000728                HAL_SPI_MspInit
 .text.HAL_UART_MspInit
                0x00000000080007c0       0x98 Core/Src/stm32f1xx_hal_msp.o
                0x00000000080007c0                HAL_UART_MspInit
 .text.HAL_InitTick
                0x0000000008000858       0xb0 Core/Src/stm32f1xx_hal_timebase_tim.o
                0x0000000008000858                HAL_InitTick
 .text.NMI_Handler
                0x0000000008000908        0x6 Core/Src/stm32f1xx_it.o
                0x0000000008000908                NMI_Handler
 .text.HardFault_Handler
                0x000000000800090e        0x6 Core/Src/stm32f1xx_it.o
                0x000000000800090e                HardFault_Handler
 .text.MemManage_Handler
                0x0000000008000914        0x6 Core/Src/stm32f1xx_it.o
                0x0000000008000914                MemManage_Handler
 .text.BusFault_Handler
                0x000000000800091a        0x6 Core/Src/stm32f1xx_it.o
                0x000000000800091a                BusFault_Handler
 .text.UsageFault_Handler
                0x0000000008000920        0x6 Core/Src/stm32f1xx_it.o
                0x0000000008000920                UsageFault_Handler
 .text.SVC_Handler
                0x0000000008000926        0xc Core/Src/stm32f1xx_it.o
                0x0000000008000926                SVC_Handler
 .text.DebugMon_Handler
                0x0000000008000932        0xc Core/Src/stm32f1xx_it.o
                0x0000000008000932                DebugMon_Handler
 .text.PendSV_Handler
                0x000000000800093e        0xc Core/Src/stm32f1xx_it.o
                0x000000000800093e                PendSV_Handler
 .text.SysTick_Handler
                0x000000000800094a        0xc Core/Src/stm32f1xx_it.o
                0x000000000800094a                SysTick_Handler
 *fill*         0x0000000008000956        0x2 
 .text.TIM6_IRQHandler
                0x0000000008000958       0x14 Core/Src/stm32f1xx_it.o
                0x0000000008000958                TIM6_IRQHandler
 .text._read    0x000000000800096c       0x3a Core/Src/syscalls.o
                0x000000000800096c                _read
 .text._write   0x00000000080009a6       0x38 Core/Src/syscalls.o
                0x00000000080009a6                _write
 .text._close   0x00000000080009de       0x16 Core/Src/syscalls.o
                0x00000000080009de                _close
 .text._fstat   0x00000000080009f4       0x1e Core/Src/syscalls.o
                0x00000000080009f4                _fstat
 .text._isatty  0x0000000008000a12       0x14 Core/Src/syscalls.o
                0x0000000008000a12                _isatty
 .text._lseek   0x0000000008000a26       0x18 Core/Src/syscalls.o
                0x0000000008000a26                _lseek
 *fill*         0x0000000008000a3e        0x2 
 .text._sbrk    0x0000000008000a40       0x6c Core/Src/sysmem.o
                0x0000000008000a40                _sbrk
 .text.SystemInit
                0x0000000008000aac        0xc Core/Src/system_stm32f1xx.o
                0x0000000008000aac                SystemInit
 .text.predefined_get_cgi_processor
                0x0000000008000ab8      0x168 Core/Src/userHandler.o
                0x0000000008000ab8                predefined_get_cgi_processor
 .text.predefined_set_cgi_processor
                0x0000000008000c20       0xa0 Core/Src/userHandler.o
                0x0000000008000c20                predefined_set_cgi_processor
 .text.get_ADC_val
                0x0000000008000cc0       0x18 Core/Src/userHandler.o
                0x0000000008000cc0                get_ADC_val
 .text.make_json_dio
                0x0000000008000cd8       0x48 Core/Src/userHandler.o
                0x0000000008000cd8                make_json_dio
 .text.make_json_ain
                0x0000000008000d20       0x38 Core/Src/userHandler.o
                0x0000000008000d20                make_json_ain
 .text.make_json_netinfo
                0x0000000008000d58      0x104 Core/Src/userHandler.o
                0x0000000008000d58                make_json_netinfo
 .text.set_diodir
                0x0000000008000e5c       0x68 Core/Src/userHandler.o
                0x0000000008000e5c                set_diodir
 .text.set_diostate
                0x0000000008000ec4       0x68 Core/Src/userHandler.o
                0x0000000008000ec4                set_diostate
 .text.wizchip_select
                0x0000000008000f2c       0x18 Core/Src/w5500_init.o
                0x0000000008000f2c                wizchip_select
 .text.wizchip_deselect
                0x0000000008000f44       0x18 Core/Src/w5500_init.o
                0x0000000008000f44                wizchip_deselect
 .text.wizchip_read
                0x0000000008000f5c       0x1a Core/Src/w5500_init.o
                0x0000000008000f5c                wizchip_read
 .text.wizchip_write
                0x0000000008000f76       0x1c Core/Src/w5500_init.o
                0x0000000008000f76                wizchip_write
 *fill*         0x0000000008000f92        0x2 
 .text.wizchip_readburst
                0x0000000008000f94       0x28 Core/Src/w5500_init.o
                0x0000000008000f94                wizchip_readburst
 .text.wizchip_writeburst
                0x0000000008000fbc       0x28 Core/Src/w5500_init.o
                0x0000000008000fbc                wizchip_writeburst
 .text.Display_Net_Conf
                0x0000000008000fe4       0xf0 Core/Src/w5500_init.o
                0x0000000008000fe4                Display_Net_Conf
 .text.Net_Conf
                0x00000000080010d4       0x24 Core/Src/w5500_init.o
                0x00000000080010d4                Net_Conf
 .text.W5500_Init
                0x00000000080010f8       0x6c Core/Src/w5500_init.o
                0x00000000080010f8                W5500_Init
 .text.Reset_Handler
                0x0000000008001164       0x48 Core/Startup/startup_stm32f103vetx.o
                0x0000000008001164                Reset_Handler
 .text.Default_Handler
                0x00000000080011ac        0x2 Core/Startup/startup_stm32f103vetx.o
                0x00000000080011ac                RTC_Alarm_IRQHandler
                0x00000000080011ac                EXTI2_IRQHandler
                0x00000000080011ac                TIM8_TRG_COM_IRQHandler
                0x00000000080011ac                TIM8_CC_IRQHandler
                0x00000000080011ac                TIM1_CC_IRQHandler
                0x00000000080011ac                PVD_IRQHandler
                0x00000000080011ac                SDIO_IRQHandler
                0x00000000080011ac                EXTI3_IRQHandler
                0x00000000080011ac                EXTI0_IRQHandler
                0x00000000080011ac                I2C2_EV_IRQHandler
                0x00000000080011ac                ADC1_2_IRQHandler
                0x00000000080011ac                SPI1_IRQHandler
                0x00000000080011ac                TAMPER_IRQHandler
                0x00000000080011ac                TIM8_UP_IRQHandler
                0x00000000080011ac                DMA2_Channel2_IRQHandler
                0x00000000080011ac                DMA1_Channel4_IRQHandler
                0x00000000080011ac                USART3_IRQHandler
                0x00000000080011ac                RTC_IRQHandler
                0x00000000080011ac                DMA1_Channel7_IRQHandler
                0x00000000080011ac                CAN1_RX1_IRQHandler
                0x00000000080011ac                UART5_IRQHandler
                0x00000000080011ac                ADC3_IRQHandler
                0x00000000080011ac                TIM4_IRQHandler
                0x00000000080011ac                DMA2_Channel1_IRQHandler
                0x00000000080011ac                I2C1_EV_IRQHandler
                0x00000000080011ac                DMA1_Channel6_IRQHandler
                0x00000000080011ac                UART4_IRQHandler
                0x00000000080011ac                TIM3_IRQHandler
                0x00000000080011ac                RCC_IRQHandler
                0x00000000080011ac                TIM1_TRG_COM_IRQHandler
                0x00000000080011ac                DMA1_Channel1_IRQHandler
                0x00000000080011ac                Default_Handler
                0x00000000080011ac                EXTI15_10_IRQHandler
                0x00000000080011ac                TIM7_IRQHandler
                0x00000000080011ac                TIM5_IRQHandler
                0x00000000080011ac                EXTI9_5_IRQHandler
                0x00000000080011ac                SPI2_IRQHandler
                0x00000000080011ac                DMA1_Channel5_IRQHandler
                0x00000000080011ac                EXTI4_IRQHandler
                0x00000000080011ac                USB_LP_CAN1_RX0_IRQHandler
                0x00000000080011ac                USB_HP_CAN1_TX_IRQHandler
                0x00000000080011ac                DMA1_Channel3_IRQHandler
                0x00000000080011ac                FSMC_IRQHandler
                0x00000000080011ac                TIM1_UP_IRQHandler
                0x00000000080011ac                WWDG_IRQHandler
                0x00000000080011ac                TIM2_IRQHandler
                0x00000000080011ac                TIM1_BRK_IRQHandler
                0x00000000080011ac                EXTI1_IRQHandler
                0x00000000080011ac                DMA2_Channel4_5_IRQHandler
                0x00000000080011ac                USART2_IRQHandler
                0x00000000080011ac                I2C2_ER_IRQHandler
                0x00000000080011ac                DMA1_Channel2_IRQHandler
                0x00000000080011ac                TIM8_BRK_IRQHandler
                0x00000000080011ac                CAN1_SCE_IRQHandler
                0x00000000080011ac                FLASH_IRQHandler
                0x00000000080011ac                USART1_IRQHandler
                0x00000000080011ac                SPI3_IRQHandler
                0x00000000080011ac                I2C1_ER_IRQHandler
                0x00000000080011ac                USBWakeUp_IRQHandler
                0x00000000080011ac                DMA2_Channel3_IRQHandler
 *fill*         0x00000000080011ae        0x2 
 .text.HAL_Init
                0x00000000080011b0       0x2c Drivers/STM32F1xx_HAL_Driver/Src/stm32f1xx_hal.o
                0x00000000080011b0                HAL_Init
 .text.HAL_IncTick
                0x00000000080011dc       0x24 Drivers/STM32F1xx_HAL_Driver/Src/stm32f1xx_hal.o
                0x00000000080011dc                HAL_IncTick
 .text.HAL_GetTick
                0x0000000008001200       0x14 Drivers/STM32F1xx_HAL_Driver/Src/stm32f1xx_hal.o
                0x0000000008001200                HAL_GetTick
 .text.HAL_Delay
                0x0000000008001214       0x44 Drivers/STM32F1xx_HAL_Driver/Src/stm32f1xx_hal.o
                0x0000000008001214                HAL_Delay
 .text.__NVIC_SetPriorityGrouping
                0x0000000008001258       0x48 Drivers/STM32F1xx_HAL_Driver/Src/stm32f1xx_hal_cortex.o
 .text.__NVIC_GetPriorityGrouping
                0x00000000080012a0       0x1c Drivers/STM32F1xx_HAL_Driver/Src/stm32f1xx_hal_cortex.o
 .text.__NVIC_EnableIRQ
                0x00000000080012bc       0x38 Drivers/STM32F1xx_HAL_Driver/Src/stm32f1xx_hal_cortex.o
 .text.__NVIC_SetPriority
                0x00000000080012f4       0x54 Drivers/STM32F1xx_HAL_Driver/Src/stm32f1xx_hal_cortex.o
 .text.NVIC_EncodePriority
                0x0000000008001348       0x64 Drivers/STM32F1xx_HAL_Driver/Src/stm32f1xx_hal_cortex.o
 .text.HAL_NVIC_SetPriorityGrouping
                0x00000000080013ac       0x16 Drivers/STM32F1xx_HAL_Driver/Src/stm32f1xx_hal_cortex.o
                0x00000000080013ac                HAL_NVIC_SetPriorityGrouping
 .text.HAL_NVIC_SetPriority
                0x00000000080013c2       0x38 Drivers/STM32F1xx_HAL_Driver/Src/stm32f1xx_hal_cortex.o
                0x00000000080013c2                HAL_NVIC_SetPriority
 .text.HAL_NVIC_EnableIRQ
                0x00000000080013fa       0x1c Drivers/STM32F1xx_HAL_Driver/Src/stm32f1xx_hal_cortex.o
                0x00000000080013fa                HAL_NVIC_EnableIRQ
 *fill*         0x0000000008001416        0x2 
 .text.HAL_GPIO_Init
                0x0000000008001418      0x2d4 Drivers/STM32F1xx_HAL_Driver/Src/stm32f1xx_hal_gpio.o
                0x0000000008001418                HAL_GPIO_Init
 .text.HAL_GPIO_ReadPin
                0x00000000080016ec       0x2e Drivers/STM32F1xx_HAL_Driver/Src/stm32f1xx_hal_gpio.o
                0x00000000080016ec                HAL_GPIO_ReadPin
 .text.HAL_GPIO_WritePin
                0x000000000800171a       0x30 Drivers/STM32F1xx_HAL_Driver/Src/stm32f1xx_hal_gpio.o
                0x000000000800171a                HAL_GPIO_WritePin
 *fill*         0x000000000800174a        0x2 
 .text.HAL_RCC_OscConfig
                0x000000000800174c      0x500 Drivers/STM32F1xx_HAL_Driver/Src/stm32f1xx_hal_rcc.o
                0x000000000800174c                HAL_RCC_OscConfig
 .text.HAL_RCC_ClockConfig
                0x0000000008001c4c      0x1d4 Drivers/STM32F1xx_HAL_Driver/Src/stm32f1xx_hal_rcc.o
                0x0000000008001c4c                HAL_RCC_ClockConfig
 .text.HAL_RCC_GetSysClockFreq
                0x0000000008001e20       0xc4 Drivers/STM32F1xx_HAL_Driver/Src/stm32f1xx_hal_rcc.o
                0x0000000008001e20                HAL_RCC_GetSysClockFreq
 .text.HAL_RCC_GetHCLKFreq
                0x0000000008001ee4       0x14 Drivers/STM32F1xx_HAL_Driver/Src/stm32f1xx_hal_rcc.o
                0x0000000008001ee4                HAL_RCC_GetHCLKFreq
 .text.HAL_RCC_GetPCLK1Freq
                0x0000000008001ef8       0x28 Drivers/STM32F1xx_HAL_Driver/Src/stm32f1xx_hal_rcc.o
                0x0000000008001ef8                HAL_RCC_GetPCLK1Freq
 .text.HAL_RCC_GetPCLK2Freq
                0x0000000008001f20       0x28 Drivers/STM32F1xx_HAL_Driver/Src/stm32f1xx_hal_rcc.o
                0x0000000008001f20                HAL_RCC_GetPCLK2Freq
 .text.HAL_RCC_GetClockConfig
                0x0000000008001f48       0x60 Drivers/STM32F1xx_HAL_Driver/Src/stm32f1xx_hal_rcc.o
                0x0000000008001f48                HAL_RCC_GetClockConfig
 .text.RCC_Delay
                0x0000000008001fa8       0x3c Drivers/STM32F1xx_HAL_Driver/Src/stm32f1xx_hal_rcc.o
 .text.HAL_SPI_Init
                0x0000000008001fe4      0x108 Drivers/STM32F1xx_HAL_Driver/Src/stm32f1xx_hal_spi.o
                0x0000000008001fe4                HAL_SPI_Init
 .text.HAL_SPI_Transmit
                0x00000000080020ec      0x278 Drivers/STM32F1xx_HAL_Driver/Src/stm32f1xx_hal_spi.o
                0x00000000080020ec                HAL_SPI_Transmit
 .text.HAL_SPI_Receive
                0x0000000008002364      0x222 Drivers/STM32F1xx_HAL_Driver/Src/stm32f1xx_hal_spi.o
                0x0000000008002364                HAL_SPI_Receive
 .text.HAL_SPI_TransmitReceive
                0x0000000008002586      0x344 Drivers/STM32F1xx_HAL_Driver/Src/stm32f1xx_hal_spi.o
                0x0000000008002586                HAL_SPI_TransmitReceive
 *fill*         0x00000000080028ca        0x2 
 .text.SPI_WaitFlagStateUntilTimeout
                0x00000000080028cc      0x110 Drivers/STM32F1xx_HAL_Driver/Src/stm32f1xx_hal_spi.o
 .text.SPI_EndRxTransaction
                0x00000000080029dc       0xa4 Drivers/STM32F1xx_HAL_Driver/Src/stm32f1xx_hal_spi.o
 .text.SPI_EndRxTxTransaction
                0x0000000008002a80       0x3c Drivers/STM32F1xx_HAL_Driver/Src/stm32f1xx_hal_spi.o
 .text.HAL_TIM_Base_Init
                0x0000000008002abc       0x9e Drivers/STM32F1xx_HAL_Driver/Src/stm32f1xx_hal_tim.o
                0x0000000008002abc                HAL_TIM_Base_Init
 .text.HAL_TIM_Base_MspInit
                0x0000000008002b5a       0x12 Drivers/STM32F1xx_HAL_Driver/Src/stm32f1xx_hal_tim.o
                0x0000000008002b5a                HAL_TIM_Base_MspInit
 .text.HAL_TIM_Base_Start_IT
                0x0000000008002b6c       0xc0 Drivers/STM32F1xx_HAL_Driver/Src/stm32f1xx_hal_tim.o
                0x0000000008002b6c                HAL_TIM_Base_Start_IT
 .text.HAL_TIM_IRQHandler
                0x0000000008002c2c      0x210 Drivers/STM32F1xx_HAL_Driver/Src/stm32f1xx_hal_tim.o
                0x0000000008002c2c                HAL_TIM_IRQHandler
 .text.HAL_TIM_OC_DelayElapsedCallback
                0x0000000008002e3c       0x12 Drivers/STM32F1xx_HAL_Driver/Src/stm32f1xx_hal_tim.o
                0x0000000008002e3c                HAL_TIM_OC_DelayElapsedCallback
 .text.HAL_TIM_IC_CaptureCallback
                0x0000000008002e4e       0x12 Drivers/STM32F1xx_HAL_Driver/Src/stm32f1xx_hal_tim.o
                0x0000000008002e4e                HAL_TIM_IC_CaptureCallback
 .text.HAL_TIM_PWM_PulseFinishedCallback
                0x0000000008002e60       0x12 Drivers/STM32F1xx_HAL_Driver/Src/stm32f1xx_hal_tim.o
                0x0000000008002e60                HAL_TIM_PWM_PulseFinishedCallback
 .text.HAL_TIM_TriggerCallback
                0x0000000008002e72       0x12 Drivers/STM32F1xx_HAL_Driver/Src/stm32f1xx_hal_tim.o
                0x0000000008002e72                HAL_TIM_TriggerCallback
 .text.TIM_Base_SetConfig
                0x0000000008002e84       0xf4 Drivers/STM32F1xx_HAL_Driver/Src/stm32f1xx_hal_tim.o
                0x0000000008002e84                TIM_Base_SetConfig
 .text.HAL_TIMEx_CommutCallback
                0x0000000008002f78       0x12 Drivers/STM32F1xx_HAL_Driver/Src/stm32f1xx_hal_tim_ex.o
                0x0000000008002f78                HAL_TIMEx_CommutCallback
 .text.HAL_TIMEx_BreakCallback
                0x0000000008002f8a       0x12 Drivers/STM32F1xx_HAL_Driver/Src/stm32f1xx_hal_tim_ex.o
                0x0000000008002f8a                HAL_TIMEx_BreakCallback
 .text.HAL_UART_Init
                0x0000000008002f9c       0x9a Drivers/STM32F1xx_HAL_Driver/Src/stm32f1xx_hal_uart.o
                0x0000000008002f9c                HAL_UART_Init
 .text.HAL_UART_Transmit
                0x0000000008003036      0x124 Drivers/STM32F1xx_HAL_Driver/Src/stm32f1xx_hal_uart.o
                0x0000000008003036                HAL_UART_Transmit
 .text.UART_WaitOnFlagUntilTimeout
                0x000000000800315a       0x94 Drivers/STM32F1xx_HAL_Driver/Src/stm32f1xx_hal_uart.o
 *fill*         0x00000000080031ee        0x2 
 .text.UART_SetConfig
                0x00000000080031f0      0x11c Drivers/STM32F1xx_HAL_Driver/Src/stm32f1xx_hal_uart.o
 .text.loopback_tcps
                0x000000000800330c      0x254 ioLibrary_Driver/Application/loopback/loopback.o
                0x000000000800330c                loopback_tcps
 .text.WIZCHIP_READ
                0x0000000008003560       0x98 ioLibrary_Driver/Ethernet/W5500/w5500.o
                0x0000000008003560                WIZCHIP_READ
 .text.WIZCHIP_WRITE
                0x00000000080035f8       0x9c ioLibrary_Driver/Ethernet/W5500/w5500.o
                0x00000000080035f8                WIZCHIP_WRITE
 .text.WIZCHIP_READ_BUF
                0x0000000008003694       0xc0 ioLibrary_Driver/Ethernet/W5500/w5500.o
                0x0000000008003694                WIZCHIP_READ_BUF
 .text.WIZCHIP_WRITE_BUF
                0x0000000008003754       0xc0 ioLibrary_Driver/Ethernet/W5500/w5500.o
                0x0000000008003754                WIZCHIP_WRITE_BUF
 .text.getSn_TX_FSR
                0x0000000008003814       0x96 ioLibrary_Driver/Ethernet/W5500/w5500.o
                0x0000000008003814                getSn_TX_FSR
 .text.getSn_RX_RSR
                0x00000000080038aa       0x96 ioLibrary_Driver/Ethernet/W5500/w5500.o
                0x00000000080038aa                getSn_RX_RSR
 .text.wiz_send_data
                0x0000000008003940       0xb8 ioLibrary_Driver/Ethernet/W5500/w5500.o
                0x0000000008003940                wiz_send_data
 .text.wiz_recv_data
                0x00000000080039f8       0xb8 ioLibrary_Driver/Ethernet/W5500/w5500.o
                0x00000000080039f8                wiz_recv_data
 .text.socket   0x0000000008003ab0      0x22c ioLibrary_Driver/Ethernet/socket.o
                0x0000000008003ab0                socket
 .text.close    0x0000000008003cdc       0xdc ioLibrary_Driver/Ethernet/socket.o
                0x0000000008003cdc                close
 .text.listen   0x0000000008003db8       0xb2 ioLibrary_Driver/Ethernet/socket.o
                0x0000000008003db8                listen
 *fill*         0x0000000008003e6a        0x2 
 .text.disconnect
                0x0000000008003e6c       0xec ioLibrary_Driver/Ethernet/socket.o
                0x0000000008003e6c                disconnect
 .text.send     0x0000000008003f58      0x1f4 ioLibrary_Driver/Ethernet/socket.o
                0x0000000008003f58                send
 .text.recv     0x000000000800414c      0x16c ioLibrary_Driver/Ethernet/socket.o
                0x000000000800414c                recv
 .text.wizchip_cris_enter
                0x00000000080042b8        0xc ioLibrary_Driver/Ethernet/wizchip_conf.o
                0x00000000080042b8                wizchip_cris_enter
 .text.wizchip_cris_exit
                0x00000000080042c4        0xc ioLibrary_Driver/Ethernet/wizchip_conf.o
                0x00000000080042c4                wizchip_cris_exit
 .text.wizchip_cs_select
                0x00000000080042d0        0xc ioLibrary_Driver/Ethernet/wizchip_conf.o
                0x00000000080042d0                wizchip_cs_select
 .text.wizchip_cs_deselect
                0x00000000080042dc        0xc ioLibrary_Driver/Ethernet/wizchip_conf.o
                0x00000000080042dc                wizchip_cs_deselect
 .text.wizchip_bus_readdata
                0x00000000080042e8       0x18 ioLibrary_Driver/Ethernet/wizchip_conf.o
                0x00000000080042e8                wizchip_bus_readdata
 .text.wizchip_bus_writedata
                0x0000000008004300       0x1c ioLibrary_Driver/Ethernet/wizchip_conf.o
                0x0000000008004300                wizchip_bus_writedata
 .text.wizchip_spi_readbyte
                0x000000000800431c        0xe ioLibrary_Driver/Ethernet/wizchip_conf.o
                0x000000000800431c                wizchip_spi_readbyte
 .text.wizchip_spi_writebyte
                0x000000000800432a       0x14 ioLibrary_Driver/Ethernet/wizchip_conf.o
                0x000000000800432a                wizchip_spi_writebyte
 .text.wizchip_spi_readburst
                0x000000000800433e       0x16 ioLibrary_Driver/Ethernet/wizchip_conf.o
                0x000000000800433e                wizchip_spi_readburst
 .text.wizchip_spi_writeburst
                0x0000000008004354       0x16 ioLibrary_Driver/Ethernet/wizchip_conf.o
                0x0000000008004354                wizchip_spi_writeburst
 *fill*         0x000000000800436a        0x2 
 .text.reg_wizchip_cs_cbfunc
                0x000000000800436c       0x48 ioLibrary_Driver/Ethernet/wizchip_conf.o
                0x000000000800436c                reg_wizchip_cs_cbfunc
 .text.reg_wizchip_spi_cbfunc
                0x00000000080043b4       0x54 ioLibrary_Driver/Ethernet/wizchip_conf.o
                0x00000000080043b4                reg_wizchip_spi_cbfunc
 .text.reg_wizchip_spiburst_cbfunc
                0x0000000008004408       0x54 ioLibrary_Driver/Ethernet/wizchip_conf.o
                0x0000000008004408                reg_wizchip_spiburst_cbfunc
 .text.ctlwizchip
                0x000000000800445c      0x1c4 ioLibrary_Driver/Ethernet/wizchip_conf.o
                0x000000000800445c                ctlwizchip
 .text.ctlnetwork
                0x0000000008004620       0x7c ioLibrary_Driver/Ethernet/wizchip_conf.o
                0x0000000008004620                ctlnetwork
 .text.wizchip_sw_reset
                0x000000000800469c       0x98 ioLibrary_Driver/Ethernet/wizchip_conf.o
                0x000000000800469c                wizchip_sw_reset
 .text.wizchip_init
                0x0000000008004734      0x118 ioLibrary_Driver/Ethernet/wizchip_conf.o
                0x0000000008004734                wizchip_init
 .text.wizchip_clrinterrupt
                0x000000000800484c       0x66 ioLibrary_Driver/Ethernet/wizchip_conf.o
                0x000000000800484c                wizchip_clrinterrupt
 .text.wizchip_getinterrupt
                0x00000000080048b2       0x4a ioLibrary_Driver/Ethernet/wizchip_conf.o
                0x00000000080048b2                wizchip_getinterrupt
 .text.wizchip_setinterruptmask
                0x00000000080048fc       0x36 ioLibrary_Driver/Ethernet/wizchip_conf.o
                0x00000000080048fc                wizchip_setinterruptmask
 .text.wizchip_getinterruptmask
                0x0000000008004932       0x46 ioLibrary_Driver/Ethernet/wizchip_conf.o
                0x0000000008004932                wizchip_getinterruptmask
 .text.wizphy_getphylink
                0x0000000008004978       0x2c ioLibrary_Driver/Ethernet/wizchip_conf.o
                0x0000000008004978                wizphy_getphylink
 .text.wizphy_getphypmode
                0x00000000080049a4       0x32 ioLibrary_Driver/Ethernet/wizchip_conf.o
                0x00000000080049a4                wizphy_getphypmode
 .text.wizphy_reset
                0x00000000080049d6       0x4e ioLibrary_Driver/Ethernet/wizchip_conf.o
                0x00000000080049d6                wizphy_reset
 .text.wizphy_setphyconf
                0x0000000008004a24       0x84 ioLibrary_Driver/Ethernet/wizchip_conf.o
                0x0000000008004a24                wizphy_setphyconf
 .text.wizphy_getphyconf
                0x0000000008004aa8       0x92 ioLibrary_Driver/Ethernet/wizchip_conf.o
                0x0000000008004aa8                wizphy_getphyconf
 .text.wizphy_setphypmode
                0x0000000008004b3a       0x94 ioLibrary_Driver/Ethernet/wizchip_conf.o
                0x0000000008004b3a                wizphy_setphypmode
 *fill*         0x0000000008004bce        0x2 
 .text.wizchip_setnetinfo
                0x0000000008004bd0       0x80 ioLibrary_Driver/Ethernet/wizchip_conf.o
                0x0000000008004bd0                wizchip_setnetinfo
 .text.wizchip_getnetinfo
                0x0000000008004c50       0x80 ioLibrary_Driver/Ethernet/wizchip_conf.o
                0x0000000008004c50                wizchip_getnetinfo
 .text.wizchip_setnetmode
                0x0000000008004cd0       0x44 ioLibrary_Driver/Ethernet/wizchip_conf.o
                0x0000000008004cd0                wizchip_setnetmode
 .text.wizchip_getnetmode
                0x0000000008004d14       0x10 ioLibrary_Driver/Ethernet/wizchip_conf.o
                0x0000000008004d14                wizchip_getnetmode
 .text.wizchip_settimeout
                0x0000000008004d24       0x42 ioLibrary_Driver/Ethernet/wizchip_conf.o
                0x0000000008004d24                wizchip_settimeout
 .text.wizchip_gettimeout
                0x0000000008004d66       0x44 ioLibrary_Driver/Ethernet/wizchip_conf.o
                0x0000000008004d66                wizchip_gettimeout
 .text.unescape_http_url
                0x0000000008004daa       0x8e ioLibrary_Driver/Internet/httpServer/httpParser.o
                0x0000000008004daa                unescape_http_url
 .text.make_http_response_head
                0x0000000008004e38      0x16c ioLibrary_Driver/Internet/httpServer/httpParser.o
                0x0000000008004e38                make_http_response_head
 .text.find_http_uri_type
                0x0000000008004fa4      0x30c ioLibrary_Driver/Internet/httpServer/httpParser.o
                0x0000000008004fa4                find_http_uri_type
 .text.parse_http_request
                0x00000000080052b0       0xf4 ioLibrary_Driver/Internet/httpServer/httpParser.o
                0x00000000080052b0                parse_http_request
 .text.get_http_param_value
                0x00000000080053a4      0x108 ioLibrary_Driver/Internet/httpServer/httpParser.o
                0x00000000080053a4                get_http_param_value
 .text.get_http_uri_name
                0x00000000080054ac       0x54 ioLibrary_Driver/Internet/httpServer/httpParser.o
                0x00000000080054ac                get_http_uri_name
 .text.ATOI     0x0000000008005500       0x4a ioLibrary_Driver/Internet/httpServer/httpParser.o
                0x0000000008005500                ATOI
 .text.mid      0x000000000800554a       0x56 ioLibrary_Driver/Internet/httpServer/httpParser.o
                0x000000000800554a                mid
 .text.replacetochar
                0x00000000080055a0       0x4a ioLibrary_Driver/Internet/httpServer/httpParser.o
 .text.C2D      0x00000000080055ea       0x52 ioLibrary_Driver/Internet/httpServer/httpParser.o
 .text.default_mcu_reset
                0x000000000800563c        0xc ioLibrary_Driver/Internet/httpServer/httpServer.o
                0x000000000800563c                default_mcu_reset
 .text.default_wdt_reset
                0x0000000008005648        0xc ioLibrary_Driver/Internet/httpServer/httpServer.o
                0x0000000008005648                default_wdt_reset
 .text.httpServer_Sockinit
                0x0000000008005654       0x3c ioLibrary_Driver/Internet/httpServer/httpServer.o
                0x0000000008005654                httpServer_Sockinit
 .text.getHTTPSocketNum
                0x0000000008005690       0x20 ioLibrary_Driver/Internet/httpServer/httpServer.o
 .text.getHTTPSequenceNum
                0x00000000080056b0       0x40 ioLibrary_Driver/Internet/httpServer/httpServer.o
 .text.httpServer_init
                0x00000000080056f0       0x38 ioLibrary_Driver/Internet/httpServer/httpServer.o
                0x00000000080056f0                httpServer_init
 .text.reg_httpServer_cbfunc
                0x0000000008005728       0x34 ioLibrary_Driver/Internet/httpServer/httpServer.o
                0x0000000008005728                reg_httpServer_cbfunc
 .text.httpServer_run
                0x000000000800575c      0x3bc ioLibrary_Driver/Internet/httpServer/httpServer.o
                0x000000000800575c                httpServer_run
 .text.send_http_response_header
                0x0000000008005b18      0x100 ioLibrary_Driver/Internet/httpServer/httpServer.o
 .text.send_http_response_body
                0x0000000008005c18      0x28c ioLibrary_Driver/Internet/httpServer/httpServer.o
 .text.send_http_response_cgi
                0x0000000008005ea4       0x68 ioLibrary_Driver/Internet/httpServer/httpServer.o
 .text.http_disconnect
                0x0000000008005f0c       0x42 ioLibrary_Driver/Internet/httpServer/httpServer.o
 *fill*         0x0000000008005f4e        0x2 
 .text.http_process_handler
                0x0000000008005f50      0x430 ioLibrary_Driver/Internet/httpServer/httpServer.o
 .text.httpServer_time_handler
                0x0000000008006380       0x1c ioLibrary_Driver/Internet/httpServer/httpServer.o
                0x0000000008006380                httpServer_time_handler
 .text.get_httpServer_timecount
                0x000000000800639c       0x14 ioLibrary_Driver/Internet/httpServer/httpServer.o
                0x000000000800639c                get_httpServer_timecount
 .text.reg_httpServer_webContent
                0x00000000080063b0       0xc4 ioLibrary_Driver/Internet/httpServer/httpServer.o
                0x00000000080063b0                reg_httpServer_webContent
 .text.display_reg_webContent_list
                0x0000000008006474       0xe8 ioLibrary_Driver/Internet/httpServer/httpServer.o
                0x0000000008006474                display_reg_webContent_list
 .text.find_userReg_webContent
                0x000000000800655c       0x78 ioLibrary_Driver/Internet/httpServer/httpServer.o
                0x000000000800655c                find_userReg_webContent
 .text.read_userReg_webContent
                0x00000000080065d4       0x7c ioLibrary_Driver/Internet/httpServer/httpServer.o
                0x00000000080065d4                read_userReg_webContent
 .text.http_get_cgi_handler
                0x0000000008006650       0x58 ioLibrary_Driver/Internet/httpServer/httpUtil.o
                0x0000000008006650                http_get_cgi_handler
 .text.http_post_cgi_handler
                0x00000000080066a8       0x7c ioLibrary_Driver/Internet/httpServer/httpUtil.o
                0x00000000080066a8                http_post_cgi_handler
 .text.__errno  0x0000000008006724        0xc c:/st/stm32cubeide_1.3.0/stm32cubeide/plugins/com.st.stm32cube.ide.mcu.externaltools.gnu-tools-for-stm32.7-2018-q2-update.win32_1.5.0.202011040924/tools/bin/../lib/gcc/arm-none-eabi/7.3.1/../../../../arm-none-eabi/lib/thumb/v7-m\libc_nano.a(lib_a-errno.o)
                0x0000000008006724                __errno
 .text.__libc_init_array
                0x0000000008006730       0x48 c:/st/stm32cubeide_1.3.0/stm32cubeide/plugins/com.st.stm32cube.ide.mcu.externaltools.gnu-tools-for-stm32.7-2018-q2-update.win32_1.5.0.202011040924/tools/bin/../lib/gcc/arm-none-eabi/7.3.1/../../../../arm-none-eabi/lib/thumb/v7-m\libc_nano.a(lib_a-init.o)
                0x0000000008006730                __libc_init_array
 .text.malloc   0x0000000008006778       0x10 c:/st/stm32cubeide_1.3.0/stm32cubeide/plugins/com.st.stm32cube.ide.mcu.externaltools.gnu-tools-for-stm32.7-2018-q2-update.win32_1.5.0.202011040924/tools/bin/../lib/gcc/arm-none-eabi/7.3.1/../../../../arm-none-eabi/lib/thumb/v7-m\libc_nano.a(lib_a-malloc.o)
                0x0000000008006778                malloc
 .text.memcpy   0x0000000008006788       0x16 c:/st/stm32cubeide_1.3.0/stm32cubeide/plugins/com.st.stm32cube.ide.mcu.externaltools.gnu-tools-for-stm32.7-2018-q2-update.win32_1.5.0.202011040924/tools/bin/../lib/gcc/arm-none-eabi/7.3.1/../../../../arm-none-eabi/lib/thumb/v7-m\libc_nano.a(lib_a-memcpy-stub.o)
                0x0000000008006788                memcpy
 .text.memset   0x000000000800679e       0x10 c:/st/stm32cubeide_1.3.0/stm32cubeide/plugins/com.st.stm32cube.ide.mcu.externaltools.gnu-tools-for-stm32.7-2018-q2-update.win32_1.5.0.202011040924/tools/bin/../lib/gcc/arm-none-eabi/7.3.1/../../../../arm-none-eabi/lib/thumb/v7-m\libc_nano.a(lib_a-memset.o)
                0x000000000800679e                memset
 *fill*         0x00000000080067ae        0x2 
 .text._free_r  0x00000000080067b0       0x98 c:/st/stm32cubeide_1.3.0/stm32cubeide/plugins/com.st.stm32cube.ide.mcu.externaltools.gnu-tools-for-stm32.7-2018-q2-update.win32_1.5.0.202011040924/tools/bin/../lib/gcc/arm-none-eabi/7.3.1/../../../../arm-none-eabi/lib/thumb/v7-m\libc_nano.a(lib_a-nano-freer.o)
                0x00000000080067b0                _free_r
 .text._malloc_r
                0x0000000008006848       0xb4 c:/st/stm32cubeide_1.3.0/stm32cubeide/plugins/com.st.stm32cube.ide.mcu.externaltools.gnu-tools-for-stm32.7-2018-q2-update.win32_1.5.0.202011040924/tools/bin/../lib/gcc/arm-none-eabi/7.3.1/../../../../arm-none-eabi/lib/thumb/v7-m\libc_nano.a(lib_a-nano-mallocr.o)
                0x0000000008006848                _malloc_r
 .text.printf   0x00000000080068fc       0x30 c:/st/stm32cubeide_1.3.0/stm32cubeide/plugins/com.st.stm32cube.ide.mcu.externaltools.gnu-tools-for-stm32.7-2018-q2-update.win32_1.5.0.202011040924/tools/bin/../lib/gcc/arm-none-eabi/7.3.1/../../../../arm-none-eabi/lib/thumb/v7-m\libc_nano.a(lib_a-printf.o)
                0x00000000080068fc                iprintf
                0x00000000080068fc                printf
 .text._puts_r  0x000000000800692c       0xb8 c:/st/stm32cubeide_1.3.0/stm32cubeide/plugins/com.st.stm32cube.ide.mcu.externaltools.gnu-tools-for-stm32.7-2018-q2-update.win32_1.5.0.202011040924/tools/bin/../lib/gcc/arm-none-eabi/7.3.1/../../../../arm-none-eabi/lib/thumb/v7-m\libc_nano.a(lib_a-puts.o)
                0x000000000800692c                _puts_r
 .text.puts     0x00000000080069e4       0x10 c:/st/stm32cubeide_1.3.0/stm32cubeide/plugins/com.st.stm32cube.ide.mcu.externaltools.gnu-tools-for-stm32.7-2018-q2-update.win32_1.5.0.202011040924/tools/bin/../lib/gcc/arm-none-eabi/7.3.1/../../../../arm-none-eabi/lib/thumb/v7-m\libc_nano.a(lib_a-puts.o)
                0x00000000080069e4                puts
 .text._sbrk_r  0x00000000080069f4       0x20 c:/st/stm32cubeide_1.3.0/stm32cubeide/plugins/com.st.stm32cube.ide.mcu.externaltools.gnu-tools-for-stm32.7-2018-q2-update.win32_1.5.0.202011040924/tools/bin/../lib/gcc/arm-none-eabi/7.3.1/../../../../arm-none-eabi/lib/thumb/v7-m\libc_nano.a(lib_a-sbrkr.o)
                0x00000000080069f4                _sbrk_r
 .text.sprintf  0x0000000008006a14       0x40 c:/st/stm32cubeide_1.3.0/stm32cubeide/plugins/com.st.stm32cube.ide.mcu.externaltools.gnu-tools-for-stm32.7-2018-q2-update.win32_1.5.0.202011040924/tools/bin/../lib/gcc/arm-none-eabi/7.3.1/../../../../arm-none-eabi/lib/thumb/v7-m\libc_nano.a(lib_a-sprintf.o)
                0x0000000008006a14                siprintf
                0x0000000008006a14                sprintf
 .text.__sread  0x0000000008006a54       0x22 c:/st/stm32cubeide_1.3.0/stm32cubeide/plugins/com.st.stm32cube.ide.mcu.externaltools.gnu-tools-for-stm32.7-2018-q2-update.win32_1.5.0.202011040924/tools/bin/../lib/gcc/arm-none-eabi/7.3.1/../../../../arm-none-eabi/lib/thumb/v7-m\libc_nano.a(lib_a-stdio.o)
                0x0000000008006a54                __sread
 .text.__swrite
                0x0000000008006a76       0x38 c:/st/stm32cubeide_1.3.0/stm32cubeide/plugins/com.st.stm32cube.ide.mcu.externaltools.gnu-tools-for-stm32.7-2018-q2-update.win32_1.5.0.202011040924/tools/bin/../lib/gcc/arm-none-eabi/7.3.1/../../../../arm-none-eabi/lib/thumb/v7-m\libc_nano.a(lib_a-stdio.o)
                0x0000000008006a76                __swrite
 .text.__sseek  0x0000000008006aae       0x24 c:/st/stm32cubeide_1.3.0/stm32cubeide/plugins/com.st.stm32cube.ide.mcu.externaltools.gnu-tools-for-stm32.7-2018-q2-update.win32_1.5.0.202011040924/tools/bin/../lib/gcc/arm-none-eabi/7.3.1/../../../../arm-none-eabi/lib/thumb/v7-m\libc_nano.a(lib_a-stdio.o)
                0x0000000008006aae                __sseek
 .text.__sclose
                0x0000000008006ad2        0x8 c:/st/stm32cubeide_1.3.0/stm32cubeide/plugins/com.st.stm32cube.ide.mcu.externaltools.gnu-tools-for-stm32.7-2018-q2-update.win32_1.5.0.202011040924/tools/bin/../lib/gcc/arm-none-eabi/7.3.1/../../../../arm-none-eabi/lib/thumb/v7-m\libc_nano.a(lib_a-stdio.o)
                0x0000000008006ad2                __sclose
 .text.strcat   0x0000000008006ada       0x1e c:/st/stm32cubeide_1.3.0/stm32cubeide/plugins/com.st.stm32cube.ide.mcu.externaltools.gnu-tools-for-stm32.7-2018-q2-update.win32_1.5.0.202011040924/tools/bin/../lib/gcc/arm-none-eabi/7.3.1/../../../../arm-none-eabi/lib/thumb/v7-m\libc_nano.a(lib_a-strcat.o)
                0x0000000008006ada                strcat
 .text.strchr   0x0000000008006af8       0x1a c:/st/stm32cubeide_1.3.0/stm32cubeide/plugins/com.st.stm32cube.ide.mcu.externaltools.gnu-tools-for-stm32.7-2018-q2-update.win32_1.5.0.202011040924/tools/bin/../lib/gcc/arm-none-eabi/7.3.1/../../../../arm-none-eabi/lib/thumb/v7-m\libc_nano.a(lib_a-strchr.o)
                0x0000000008006af8                strchr
 .text.strcpy   0x0000000008006b12       0x10 c:/st/stm32cubeide_1.3.0/stm32cubeide/plugins/com.st.stm32cube.ide.mcu.externaltools.gnu-tools-for-stm32.7-2018-q2-update.win32_1.5.0.202011040924/tools/bin/../lib/gcc/arm-none-eabi/7.3.1/../../../../arm-none-eabi/lib/thumb/v7-m\libc_nano.a(lib_a-strcpy.o)
                0x0000000008006b12                strcpy
 .text.strncpy  0x0000000008006b22       0x2a c:/st/stm32cubeide_1.3.0/stm32cubeide/plugins/com.st.stm32cube.ide.mcu.externaltools.gnu-tools-for-stm32.7-2018-q2-update.win32_1.5.0.202011040924/tools/bin/../lib/gcc/arm-none-eabi/7.3.1/../../../../arm-none-eabi/lib/thumb/v7-m\libc_nano.a(lib_a-strncpy.o)
                0x0000000008006b22                strncpy
 .text.strstr   0x0000000008006b4c       0x34 c:/st/stm32cubeide_1.3.0/stm32cubeide/plugins/com.st.stm32cube.ide.mcu.externaltools.gnu-tools-for-stm32.7-2018-q2-update.win32_1.5.0.202011040924/tools/bin/../lib/gcc/arm-none-eabi/7.3.1/../../../../arm-none-eabi/lib/thumb/v7-m\libc_nano.a(lib_a-strstr.o)
                0x0000000008006b4c                strstr
 .text.strtok   0x0000000008006b80       0x54 c:/st/stm32cubeide_1.3.0/stm32cubeide/plugins/com.st.stm32cube.ide.mcu.externaltools.gnu-tools-for-stm32.7-2018-q2-update.win32_1.5.0.202011040924/tools/bin/../lib/gcc/arm-none-eabi/7.3.1/../../../../arm-none-eabi/lib/thumb/v7-m\libc_nano.a(lib_a-strtok.o)
                0x0000000008006b80                strtok
 .text.__strtok_r
                0x0000000008006bd4       0x54 c:/st/stm32cubeide_1.3.0/stm32cubeide/plugins/com.st.stm32cube.ide.mcu.externaltools.gnu-tools-for-stm32.7-2018-q2-update.win32_1.5.0.202011040924/tools/bin/../lib/gcc/arm-none-eabi/7.3.1/../../../../arm-none-eabi/lib/thumb/v7-m\libc_nano.a(lib_a-strtok_r.o)
                0x0000000008006bd4                __strtok_r
 .text.__swbuf_r
                0x0000000008006c28       0xa4 c:/st/stm32cubeide_1.3.0/stm32cubeide/plugins/com.st.stm32cube.ide.mcu.externaltools.gnu-tools-for-stm32.7-2018-q2-update.win32_1.5.0.202011040924/tools/bin/../lib/gcc/arm-none-eabi/7.3.1/../../../../arm-none-eabi/lib/thumb/v7-m\libc_nano.a(lib_a-wbuf.o)
                0x0000000008006c28                __swbuf_r
 .text._write_r
                0x0000000008006ccc       0x24 c:/st/stm32cubeide_1.3.0/stm32cubeide/plugins/com.st.stm32cube.ide.mcu.externaltools.gnu-tools-for-stm32.7-2018-q2-update.win32_1.5.0.202011040924/tools/bin/../lib/gcc/arm-none-eabi/7.3.1/../../../../arm-none-eabi/lib/thumb/v7-m\libc_nano.a(lib_a-writer.o)
                0x0000000008006ccc                _write_r
 .text.__swsetup_r
                0x0000000008006cf0       0xdc c:/st/stm32cubeide_1.3.0/stm32cubeide/plugins/com.st.stm32cube.ide.mcu.externaltools.gnu-tools-for-stm32.7-2018-q2-update.win32_1.5.0.202011040924/tools/bin/../lib/gcc/arm-none-eabi/7.3.1/../../../../arm-none-eabi/lib/thumb/v7-m\libc_nano.a(lib_a-wsetup.o)
                0x0000000008006cf0                __swsetup_r
 .text._close_r
                0x0000000008006dcc       0x20 c:/st/stm32cubeide_1.3.0/stm32cubeide/plugins/com.st.stm32cube.ide.mcu.externaltools.gnu-tools-for-stm32.7-2018-q2-update.win32_1.5.0.202011040924/tools/bin/../lib/gcc/arm-none-eabi/7.3.1/../../../../arm-none-eabi/lib/thumb/v7-m\libc_nano.a(lib_a-closer.o)
                0x0000000008006dcc                _close_r
 .text.__sflush_r
                0x0000000008006dec      0x10c c:/st/stm32cubeide_1.3.0/stm32cubeide/plugins/com.st.stm32cube.ide.mcu.externaltools.gnu-tools-for-stm32.7-2018-q2-update.win32_1.5.0.202011040924/tools/bin/../lib/gcc/arm-none-eabi/7.3.1/../../../../arm-none-eabi/lib/thumb/v7-m\libc_nano.a(lib_a-fflush.o)
                0x0000000008006dec                __sflush_r
 .text._fflush_r
                0x0000000008006ef8       0x54 c:/st/stm32cubeide_1.3.0/stm32cubeide/plugins/com.st.stm32cube.ide.mcu.externaltools.gnu-tools-for-stm32.7-2018-q2-update.win32_1.5.0.202011040924/tools/bin/../lib/gcc/arm-none-eabi/7.3.1/../../../../arm-none-eabi/lib/thumb/v7-m\libc_nano.a(lib_a-fflush.o)
                0x0000000008006ef8                _fflush_r
 .text.std      0x0000000008006f4c       0x48 c:/st/stm32cubeide_1.3.0/stm32cubeide/plugins/com.st.stm32cube.ide.mcu.externaltools.gnu-tools-for-stm32.7-2018-q2-update.win32_1.5.0.202011040924/tools/bin/../lib/gcc/arm-none-eabi/7.3.1/../../../../arm-none-eabi/lib/thumb/v7-m\libc_nano.a(lib_a-findfp.o)
 .text._cleanup_r
                0x0000000008006f94        0xc c:/st/stm32cubeide_1.3.0/stm32cubeide/plugins/com.st.stm32cube.ide.mcu.externaltools.gnu-tools-for-stm32.7-2018-q2-update.win32_1.5.0.202011040924/tools/bin/../lib/gcc/arm-none-eabi/7.3.1/../../../../arm-none-eabi/lib/thumb/v7-m\libc_nano.a(lib_a-findfp.o)
                0x0000000008006f94                _cleanup_r
 .text.__sfmoreglue
                0x0000000008006fa0       0x2c c:/st/stm32cubeide_1.3.0/stm32cubeide/plugins/com.st.stm32cube.ide.mcu.externaltools.gnu-tools-for-stm32.7-2018-q2-update.win32_1.5.0.202011040924/tools/bin/../lib/gcc/arm-none-eabi/7.3.1/../../../../arm-none-eabi/lib/thumb/v7-m\libc_nano.a(lib_a-findfp.o)
                0x0000000008006fa0                __sfmoreglue
 .text.__sinit  0x0000000008006fcc       0x60 c:/st/stm32cubeide_1.3.0/stm32cubeide/plugins/com.st.stm32cube.ide.mcu.externaltools.gnu-tools-for-stm32.7-2018-q2-update.win32_1.5.0.202011040924/tools/bin/../lib/gcc/arm-none-eabi/7.3.1/../../../../arm-none-eabi/lib/thumb/v7-m\libc_nano.a(lib_a-findfp.o)
                0x0000000008006fcc                __sinit
 .text.__sfp    0x000000000800702c       0x78 c:/st/stm32cubeide_1.3.0/stm32cubeide/plugins/com.st.stm32cube.ide.mcu.externaltools.gnu-tools-for-stm32.7-2018-q2-update.win32_1.5.0.202011040924/tools/bin/../lib/gcc/arm-none-eabi/7.3.1/../../../../arm-none-eabi/lib/thumb/v7-m\libc_nano.a(lib_a-findfp.o)
                0x000000000800702c                __sfp
 .text._fwalk_reent
                0x00000000080070a4       0x3c c:/st/stm32cubeide_1.3.0/stm32cubeide/plugins/com.st.stm32cube.ide.mcu.externaltools.gnu-tools-for-stm32.7-2018-q2-update.win32_1.5.0.202011040924/tools/bin/../lib/gcc/arm-none-eabi/7.3.1/../../../../arm-none-eabi/lib/thumb/v7-m\libc_nano.a(lib_a-fwalk.o)
                0x00000000080070a4                _fwalk_reent
 .text._lseek_r
                0x00000000080070e0       0x24 c:/st/stm32cubeide_1.3.0/stm32cubeide/plugins/com.st.stm32cube.ide.mcu.externaltools.gnu-tools-for-stm32.7-2018-q2-update.win32_1.5.0.202011040924/tools/bin/../lib/gcc/arm-none-eabi/7.3.1/../../../../arm-none-eabi/lib/thumb/v7-m\libc_nano.a(lib_a-lseekr.o)
                0x00000000080070e0                _lseek_r
 .text.__swhatbuf_r
                0x0000000008007104       0x48 c:/st/stm32cubeide_1.3.0/stm32cubeide/plugins/com.st.stm32cube.ide.mcu.externaltools.gnu-tools-for-stm32.7-2018-q2-update.win32_1.5.0.202011040924/tools/bin/../lib/gcc/arm-none-eabi/7.3.1/../../../../arm-none-eabi/lib/thumb/v7-m\libc_nano.a(lib_a-makebuf.o)
                0x0000000008007104                __swhatbuf_r
 .text.__smakebuf_r
                0x000000000800714c       0x80 c:/st/stm32cubeide_1.3.0/stm32cubeide/plugins/com.st.stm32cube.ide.mcu.externaltools.gnu-tools-for-stm32.7-2018-q2-update.win32_1.5.0.202011040924/tools/bin/../lib/gcc/arm-none-eabi/7.3.1/../../../../arm-none-eabi/lib/thumb/v7-m\libc_nano.a(lib_a-makebuf.o)
                0x000000000800714c                __smakebuf_r
 .text.__malloc_lock
                0x00000000080071cc        0x2 c:/st/stm32cubeide_1.3.0/stm32cubeide/plugins/com.st.stm32cube.ide.mcu.externaltools.gnu-tools-for-stm32.7-2018-q2-update.win32_1.5.0.202011040924/tools/bin/../lib/gcc/arm-none-eabi/7.3.1/../../../../arm-none-eabi/lib/thumb/v7-m\libc_nano.a(lib_a-mlock.o)
                0x00000000080071cc                __malloc_lock
 .text.__malloc_unlock
                0x00000000080071ce        0x2 c:/st/stm32cubeide_1.3.0/stm32cubeide/plugins/com.st.stm32cube.ide.mcu.externaltools.gnu-tools-for-stm32.7-2018-q2-update.win32_1.5.0.202011040924/tools/bin/../lib/gcc/arm-none-eabi/7.3.1/../../../../arm-none-eabi/lib/thumb/v7-m\libc_nano.a(lib_a-mlock.o)
                0x00000000080071ce                __malloc_unlock
 .text.__ssputs_r
                0x00000000080071d0       0xb4 c:/st/stm32cubeide_1.3.0/stm32cubeide/plugins/com.st.stm32cube.ide.mcu.externaltools.gnu-tools-for-stm32.7-2018-q2-update.win32_1.5.0.202011040924/tools/bin/../lib/gcc/arm-none-eabi/7.3.1/../../../../arm-none-eabi/lib/thumb/v7-m\libc_nano.a(lib_a-nano-svfprintf.o)
                0x00000000080071d0                __ssputs_r
 .text._svfprintf_r
                0x0000000008007284      0x1f0 c:/st/stm32cubeide_1.3.0/stm32cubeide/plugins/com.st.stm32cube.ide.mcu.externaltools.gnu-tools-for-stm32.7-2018-q2-update.win32_1.5.0.202011040924/tools/bin/../lib/gcc/arm-none-eabi/7.3.1/../../../../arm-none-eabi/lib/thumb/v7-m\libc_nano.a(lib_a-nano-svfprintf.o)
                0x0000000008007284                _svfiprintf_r
                0x0000000008007284                _svfprintf_r
 .text.__sfputc_r
                0x0000000008007474       0x2a c:/st/stm32cubeide_1.3.0/stm32cubeide/plugins/com.st.stm32cube.ide.mcu.externaltools.gnu-tools-for-stm32.7-2018-q2-update.win32_1.5.0.202011040924/tools/bin/../lib/gcc/arm-none-eabi/7.3.1/../../../../arm-none-eabi/lib/thumb/v7-m\libc_nano.a(lib_a-nano-vfprintf.o)
 .text.__sfputs_r
                0x000000000800749e       0x24 c:/st/stm32cubeide_1.3.0/stm32cubeide/plugins/com.st.stm32cube.ide.mcu.externaltools.gnu-tools-for-stm32.7-2018-q2-update.win32_1.5.0.202011040924/tools/bin/../lib/gcc/arm-none-eabi/7.3.1/../../../../arm-none-eabi/lib/thumb/v7-m\libc_nano.a(lib_a-nano-vfprintf.o)
                0x000000000800749e                __sfputs_r
 *fill*         0x00000000080074c2        0x2 
 .text._vfprintf_r
                0x00000000080074c4      0x22c c:/st/stm32cubeide_1.3.0/stm32cubeide/plugins/com.st.stm32cube.ide.mcu.externaltools.gnu-tools-for-stm32.7-2018-q2-update.win32_1.5.0.202011040924/tools/bin/../lib/gcc/arm-none-eabi/7.3.1/../../../../arm-none-eabi/lib/thumb/v7-m\libc_nano.a(lib_a-nano-vfprintf.o)
                0x00000000080074c4                _vfprintf_r
                0x00000000080074c4                _vfiprintf_r
 .text._printf_common
                0x00000000080076f0       0xec c:/st/stm32cubeide_1.3.0/stm32cubeide/plugins/com.st.stm32cube.ide.mcu.externaltools.gnu-tools-for-stm32.7-2018-q2-update.win32_1.5.0.202011040924/tools/bin/../lib/gcc/arm-none-eabi/7.3.1/../../../../arm-none-eabi/lib/thumb/v7-m\libc_nano.a(lib_a-nano-vfprintf_i.o)
                0x00000000080076f0                _printf_common
 .text._printf_i
                0x00000000080077dc      0x224 c:/st/stm32cubeide_1.3.0/stm32cubeide/plugins/com.st.stm32cube.ide.mcu.externaltools.gnu-tools-for-stm32.7-2018-q2-update.win32_1.5.0.202011040924/tools/bin/../lib/gcc/arm-none-eabi/7.3.1/../../../../arm-none-eabi/lib/thumb/v7-m\libc_nano.a(lib_a-nano-vfprintf_i.o)
                0x00000000080077dc                _printf_i
 .text._read_r  0x0000000008007a00       0x24 c:/st/stm32cubeide_1.3.0/stm32cubeide/plugins/com.st.stm32cube.ide.mcu.externaltools.gnu-tools-for-stm32.7-2018-q2-update.win32_1.5.0.202011040924/tools/bin/../lib/gcc/arm-none-eabi/7.3.1/../../../../arm-none-eabi/lib/thumb/v7-m\libc_nano.a(lib_a-readr.o)
                0x0000000008007a00                _read_r
 .text._fstat_r
                0x0000000008007a24       0x24 c:/st/stm32cubeide_1.3.0/stm32cubeide/plugins/com.st.stm32cube.ide.mcu.externaltools.gnu-tools-for-stm32.7-2018-q2-update.win32_1.5.0.202011040924/tools/bin/../lib/gcc/arm-none-eabi/7.3.1/../../../../arm-none-eabi/lib/thumb/v7-m\libc_nano.a(lib_a-fstatr.o)
                0x0000000008007a24                _fstat_r
 .text._isatty_r
                0x0000000008007a48       0x20 c:/st/stm32cubeide_1.3.0/stm32cubeide/plugins/com.st.stm32cube.ide.mcu.externaltools.gnu-tools-for-stm32.7-2018-q2-update.win32_1.5.0.202011040924/tools/bin/../lib/gcc/arm-none-eabi/7.3.1/../../../../arm-none-eabi/lib/thumb/v7-m\libc_nano.a(lib_a-isattyr.o)
                0x0000000008007a48                _isatty_r
 .text.memchr   0x0000000008007a68       0x1c c:/st/stm32cubeide_1.3.0/stm32cubeide/plugins/com.st.stm32cube.ide.mcu.externaltools.gnu-tools-for-stm32.7-2018-q2-update.win32_1.5.0.202011040924/tools/bin/../lib/gcc/arm-none-eabi/7.3.1/../../../../arm-none-eabi/lib/thumb/v7-m\libc_nano.a(lib_a-memchr-stub.o)
                0x0000000008007a68                memchr
 .text.memmove  0x0000000008007a84       0x32 c:/st/stm32cubeide_1.3.0/stm32cubeide/plugins/com.st.stm32cube.ide.mcu.externaltools.gnu-tools-for-stm32.7-2018-q2-update.win32_1.5.0.202011040924/tools/bin/../lib/gcc/arm-none-eabi/7.3.1/../../../../arm-none-eabi/lib/thumb/v7-m\libc_nano.a(lib_a-memmove.o)
                0x0000000008007a84                memmove
 .text._realloc_r
                0x0000000008007ab6       0x4c c:/st/stm32cubeide_1.3.0/stm32cubeide/plugins/com.st.stm32cube.ide.mcu.externaltools.gnu-tools-for-stm32.7-2018-q2-update.win32_1.5.0.202011040924/tools/bin/../lib/gcc/arm-none-eabi/7.3.1/../../../../arm-none-eabi/lib/thumb/v7-m\libc_nano.a(lib_a-nano-reallocr.o)
                0x0000000008007ab6                _realloc_r
 .text._malloc_usable_size_r
                0x0000000008007b02       0x10 c:/st/stm32cubeide_1.3.0/stm32cubeide/plugins/com.st.stm32cube.ide.mcu.externaltools.gnu-tools-for-stm32.7-2018-q2-update.win32_1.5.0.202011040924/tools/bin/../lib/gcc/arm-none-eabi/7.3.1/../../../../arm-none-eabi/lib/thumb/v7-m\libc_nano.a(lib_a-nano-msizer.o)
                0x0000000008007b02                _malloc_usable_size_r
 *(.glue_7)
 .glue_7        0x0000000008007b12        0x0 linker stubs
 *(.glue_7t)
 .glue_7t       0x0000000008007b12        0x0 linker stubs
 *(.eh_frame)
 *fill*         0x0000000008007b12        0x2 
 .eh_frame      0x0000000008007b14        0x0 c:/st/stm32cubeide_1.3.0/stm32cubeide/plugins/com.st.stm32cube.ide.mcu.externaltools.gnu-tools-for-stm32.7-2018-q2-update.win32_1.5.0.202011040924/tools/bin/../lib/gcc/arm-none-eabi/7.3.1/thumb/v7-m/crtbegin.o
 *(.init)
 .init          0x0000000008007b14        0x4 c:/st/stm32cubeide_1.3.0/stm32cubeide/plugins/com.st.stm32cube.ide.mcu.externaltools.gnu-tools-for-stm32.7-2018-q2-update.win32_1.5.0.202011040924/tools/bin/../lib/gcc/arm-none-eabi/7.3.1/thumb/v7-m/crti.o
                0x0000000008007b14                _init
 .init          0x0000000008007b18        0x8 c:/st/stm32cubeide_1.3.0/stm32cubeide/plugins/com.st.stm32cube.ide.mcu.externaltools.gnu-tools-for-stm32.7-2018-q2-update.win32_1.5.0.202011040924/tools/bin/../lib/gcc/arm-none-eabi/7.3.1/thumb/v7-m/crtn.o
 *(.fini)
 .fini          0x0000000008007b20        0x4 c:/st/stm32cubeide_1.3.0/stm32cubeide/plugins/com.st.stm32cube.ide.mcu.externaltools.gnu-tools-for-stm32.7-2018-q2-update.win32_1.5.0.202011040924/tools/bin/../lib/gcc/arm-none-eabi/7.3.1/thumb/v7-m/crti.o
                0x0000000008007b20                _fini
 .fini          0x0000000008007b24        0x8 c:/st/stm32cubeide_1.3.0/stm32cubeide/plugins/com.st.stm32cube.ide.mcu.externaltools.gnu-tools-for-stm32.7-2018-q2-update.win32_1.5.0.202011040924/tools/bin/../lib/gcc/arm-none-eabi/7.3.1/thumb/v7-m/crtn.o
                0x0000000008007b2c                . = ALIGN (0x4)
                0x0000000008007b2c                _etext = .

.vfp11_veneer   0x0000000008007b2c        0x0
 .vfp11_veneer  0x0000000008007b2c        0x0 linker stubs

.v4_bx          0x0000000008007b2c        0x0
 .v4_bx         0x0000000008007b2c        0x0 linker stubs

.iplt           0x0000000008007b2c        0x0
 .iplt          0x0000000008007b2c        0x0 c:/st/stm32cubeide_1.3.0/stm32cubeide/plugins/com.st.stm32cube.ide.mcu.externaltools.gnu-tools-for-stm32.7-2018-q2-update.win32_1.5.0.202011040924/tools/bin/../lib/gcc/arm-none-eabi/7.3.1/thumb/v7-m/crtbegin.o

.rodata         0x0000000008007b2c     0x4e4c
                0x0000000008007b2c                . = ALIGN (0x4)
 *(.rodata)
 .rodata        0x0000000008007b2c     0x3ab8 Core/Src/APP_Web.o
 .rodata        0x000000000800b5e4      0x1dc Core/Src/userHandler.o
 .rodata        0x000000000800b7c0       0xf0 Core/Src/w5500_init.o
 .rodata        0x000000000800b8b0       0x12 Drivers/STM32F1xx_HAL_Driver/Src/stm32f1xx_hal_rcc.o
 *fill*         0x000000000800b8c2        0x2 
 .rodata        0x000000000800b8c4      0x111 ioLibrary_Driver/Application/loopback/loopback.o
 *fill*         0x000000000800b9d5        0x3 
 .rodata        0x000000000800b9d8      0x5fa ioLibrary_Driver/Internet/httpServer/httpParser.o
 *fill*         0x000000000800bfd2        0x2 
 .rodata        0x000000000800bfd4      0x7cd ioLibrary_Driver/Internet/httpServer/httpServer.o
 *fill*         0x000000000800c7a1        0x3 
 .rodata        0x000000000800c7a4        0xf ioLibrary_Driver/Internet/httpServer/httpUtil.o
 *(.rodata*)
 *fill*         0x000000000800c7b3        0x1 
 .rodata.AHBPrescTable
                0x000000000800c7b4       0x10 Core/Src/system_stm32f1xx.o
                0x000000000800c7b4                AHBPrescTable
 .rodata.APBPrescTable
                0x000000000800c7c4        0x8 Core/Src/system_stm32f1xx.o
                0x000000000800c7c4                APBPrescTable
 .rodata.ERROR_HTML_PAGE
                0x000000000800c7cc       0x99 ioLibrary_Driver/Internet/httpServer/httpServer.o
 *fill*         0x000000000800c865        0x3 
 .rodata.ERROR_REQUEST_PAGE
                0x000000000800c868       0x76 ioLibrary_Driver/Internet/httpServer/httpServer.o
 *fill*         0x000000000800c8de        0x2 
 .rodata._global_impure_ptr
                0x000000000800c8e0        0x4 c:/st/stm32cubeide_1.3.0/stm32cubeide/plugins/com.st.stm32cube.ide.mcu.externaltools.gnu-tools-for-stm32.7-2018-q2-update.win32_1.5.0.202011040924/tools/bin/../lib/gcc/arm-none-eabi/7.3.1/../../../../arm-none-eabi/lib/thumb/v7-m\libc_nano.a(lib_a-impure.o)
                0x000000000800c8e0                _global_impure_ptr
 .rodata.__sf_fake_stderr
                0x000000000800c8e4       0x20 c:/st/stm32cubeide_1.3.0/stm32cubeide/plugins/com.st.stm32cube.ide.mcu.externaltools.gnu-tools-for-stm32.7-2018-q2-update.win32_1.5.0.202011040924/tools/bin/../lib/gcc/arm-none-eabi/7.3.1/../../../../arm-none-eabi/lib/thumb/v7-m\libc_nano.a(lib_a-findfp.o)
                0x000000000800c8e4                __sf_fake_stderr
 .rodata.__sf_fake_stdin
                0x000000000800c904       0x20 c:/st/stm32cubeide_1.3.0/stm32cubeide/plugins/com.st.stm32cube.ide.mcu.externaltools.gnu-tools-for-stm32.7-2018-q2-update.win32_1.5.0.202011040924/tools/bin/../lib/gcc/arm-none-eabi/7.3.1/../../../../arm-none-eabi/lib/thumb/v7-m\libc_nano.a(lib_a-findfp.o)
                0x000000000800c904                __sf_fake_stdin
 .rodata.__sf_fake_stdout
                0x000000000800c924       0x20 c:/st/stm32cubeide_1.3.0/stm32cubeide/plugins/com.st.stm32cube.ide.mcu.externaltools.gnu-tools-for-stm32.7-2018-q2-update.win32_1.5.0.202011040924/tools/bin/../lib/gcc/arm-none-eabi/7.3.1/../../../../arm-none-eabi/lib/thumb/v7-m\libc_nano.a(lib_a-findfp.o)
                0x000000000800c924                __sf_fake_stdout
 .rodata._svfprintf_r.str1.1
                0x000000000800c944       0x11 c:/st/stm32cubeide_1.3.0/stm32cubeide/plugins/com.st.stm32cube.ide.mcu.externaltools.gnu-tools-for-stm32.7-2018-q2-update.win32_1.5.0.202011040924/tools/bin/../lib/gcc/arm-none-eabi/7.3.1/../../../../arm-none-eabi/lib/thumb/v7-m\libc_nano.a(lib_a-nano-svfprintf.o)
 .rodata._vfprintf_r.str1.1
                0x000000000800c955       0x11 c:/st/stm32cubeide_1.3.0/stm32cubeide/plugins/com.st.stm32cube.ide.mcu.externaltools.gnu-tools-for-stm32.7-2018-q2-update.win32_1.5.0.202011040924/tools/bin/../lib/gcc/arm-none-eabi/7.3.1/../../../../arm-none-eabi/lib/thumb/v7-m\libc_nano.a(lib_a-nano-vfprintf.o)
 .rodata._printf_i.str1.1
                0x000000000800c955       0x22 c:/st/stm32cubeide_1.3.0/stm32cubeide/plugins/com.st.stm32cube.ide.mcu.externaltools.gnu-tools-for-stm32.7-2018-q2-update.win32_1.5.0.202011040924/tools/bin/../lib/gcc/arm-none-eabi/7.3.1/../../../../arm-none-eabi/lib/thumb/v7-m\libc_nano.a(lib_a-nano-vfprintf_i.o)
                0x000000000800c978                . = ALIGN (0x4)
 *fill*         0x000000000800c977        0x1 

.rel.dyn        0x000000000800c978        0x0
 .rel.iplt      0x000000000800c978        0x0 c:/st/stm32cubeide_1.3.0/stm32cubeide/plugins/com.st.stm32cube.ide.mcu.externaltools.gnu-tools-for-stm32.7-2018-q2-update.win32_1.5.0.202011040924/tools/bin/../lib/gcc/arm-none-eabi/7.3.1/thumb/v7-m/crtbegin.o

.ARM.extab      0x000000000800c978        0x0
                0x000000000800c978                . = ALIGN (0x4)
 *(.ARM.extab* .gnu.linkonce.armextab.*)
                0x000000000800c978                . = ALIGN (0x4)

.ARM            0x000000000800c978        0x0
                0x000000000800c978                . = ALIGN (0x4)
                0x000000000800c978                __exidx_start = .
 *(.ARM.exidx*)
                0x000000000800c978                __exidx_end = .
                0x000000000800c978                . = ALIGN (0x4)

.preinit_array  0x000000000800c978        0x0
                0x000000000800c978                . = ALIGN (0x4)
                0x000000000800c978                PROVIDE (__preinit_array_start = .)
 *(.preinit_array*)
                0x000000000800c978                PROVIDE (__preinit_array_end = .)
                0x000000000800c978                . = ALIGN (0x4)

.init_array     0x000000000800c978        0x4
                0x000000000800c978                . = ALIGN (0x4)
                0x000000000800c978                PROVIDE (__init_array_start = .)
 *(SORT_BY_NAME(.init_array.*))
 *(.init_array*)
 .init_array    0x000000000800c978        0x4 c:/st/stm32cubeide_1.3.0/stm32cubeide/plugins/com.st.stm32cube.ide.mcu.externaltools.gnu-tools-for-stm32.7-2018-q2-update.win32_1.5.0.202011040924/tools/bin/../lib/gcc/arm-none-eabi/7.3.1/thumb/v7-m/crtbegin.o
                0x000000000800c97c                PROVIDE (__init_array_end = .)
                0x000000000800c97c                . = ALIGN (0x4)

.fini_array     0x000000000800c97c        0x4
                0x000000000800c97c                . = ALIGN (0x4)
                [!provide]                        PROVIDE (__fini_array_start = .)
 *(SORT_BY_NAME(.fini_array.*))
 *(.fini_array*)
 .fini_array    0x000000000800c97c        0x4 c:/st/stm32cubeide_1.3.0/stm32cubeide/plugins/com.st.stm32cube.ide.mcu.externaltools.gnu-tools-for-stm32.7-2018-q2-update.win32_1.5.0.202011040924/tools/bin/../lib/gcc/arm-none-eabi/7.3.1/thumb/v7-m/crtbegin.o
                [!provide]                        PROVIDE (__fini_array_end = .)
                0x000000000800c980                . = ALIGN (0x4)
                0x000000000800c980                _sidata = LOADADDR (.data)

.data           0x0000000020000000       0xc4 load address 0x000000000800c980
                0x0000000020000000                . = ALIGN (0x4)
                0x0000000020000000                _sdata = .
 *(.data)
 *(.data*)
 .data.socknumlist
                0x0000000020000000        0x6 Core/Src/APP_Web.o
                0x0000000020000000                socknumlist
 *fill*         0x0000000020000006        0x2 
 .data.gWIZNETINFO
                0x0000000020000008       0x17 Core/Src/APP_Web.o
                0x0000000020000008                gWIZNETINFO
 *fill*         0x000000002000001f        0x1 
 .data.SystemCoreClock
                0x0000000020000020        0x4 Core/Src/system_stm32f1xx.o
                0x0000000020000020                SystemCoreClock
 .data.uwTickPrio
                0x0000000020000024        0x4 Drivers/STM32F1xx_HAL_Driver/Src/stm32f1xx_hal.o
                0x0000000020000024                uwTickPrio
 .data.uwTickFreq
                0x0000000020000028        0x1 Drivers/STM32F1xx_HAL_Driver/Src/stm32f1xx_hal.o
                0x0000000020000028                uwTickFreq
 *fill*         0x0000000020000029        0x1 
 .data.sock_any_port
                0x000000002000002a        0x2 ioLibrary_Driver/Ethernet/socket.o
 .data.WIZCHIP  0x000000002000002c       0x2c ioLibrary_Driver/Ethernet/wizchip_conf.o
                0x000000002000002c                WIZCHIP
 .data.HTTPServer_ReStart
                0x0000000020000058        0x4 ioLibrary_Driver/Internet/httpServer/httpServer.o
                0x0000000020000058                HTTPServer_ReStart
 .data.HTTPServer_WDT_Reset
                0x000000002000005c        0x4 ioLibrary_Driver/Internet/httpServer/httpServer.o
                0x000000002000005c                HTTPServer_WDT_Reset
 .data._impure_ptr
                0x0000000020000060        0x4 c:/st/stm32cubeide_1.3.0/stm32cubeide/plugins/com.st.stm32cube.ide.mcu.externaltools.gnu-tools-for-stm32.7-2018-q2-update.win32_1.5.0.202011040924/tools/bin/../lib/gcc/arm-none-eabi/7.3.1/../../../../arm-none-eabi/lib/thumb/v7-m\libc_nano.a(lib_a-impure.o)
                0x0000000020000060                _impure_ptr
 .data.impure_data
                0x0000000020000064       0x60 c:/st/stm32cubeide_1.3.0/stm32cubeide/plugins/com.st.stm32cube.ide.mcu.externaltools.gnu-tools-for-stm32.7-2018-q2-update.win32_1.5.0.202011040924/tools/bin/../lib/gcc/arm-none-eabi/7.3.1/../../../../arm-none-eabi/lib/thumb/v7-m\libc_nano.a(lib_a-impure.o)
 *(.RamFunc)
 *(.RamFunc*)
                0x00000000200000c4                . = ALIGN (0x4)
                0x00000000200000c4                _edata = .

.igot.plt       0x00000000200000c4        0x0 load address 0x000000000800ca44
 .igot.plt      0x00000000200000c4        0x0 c:/st/stm32cubeide_1.3.0/stm32cubeide/plugins/com.st.stm32cube.ide.mcu.externaltools.gnu-tools-for-stm32.7-2018-q2-update.win32_1.5.0.202011040924/tools/bin/../lib/gcc/arm-none-eabi/7.3.1/thumb/v7-m/crtbegin.o
                0x00000000200000c4                . = ALIGN (0x4)

.bss            0x00000000200000c4     0x17f0 load address 0x000000000800ca44
                0x00000000200000c4                _sbss = .
                0x00000000200000c4                __bss_start__ = _sbss
 *(.bss)
 .bss           0x00000000200000c4       0x1c c:/st/stm32cubeide_1.3.0/stm32cubeide/plugins/com.st.stm32cube.ide.mcu.externaltools.gnu-tools-for-stm32.7-2018-q2-update.win32_1.5.0.202011040924/tools/bin/../lib/gcc/arm-none-eabi/7.3.1/thumb/v7-m/crtbegin.o
 *(.bss*)
 .bss.__sbrk_heap_end
                0x00000000200000e0        0x4 Core/Src/sysmem.o
 .bss.sock_io_mode
                0x00000000200000e4        0x2 ioLibrary_Driver/Ethernet/socket.o
 .bss.sock_is_sending
                0x00000000200000e6        0x2 ioLibrary_Driver/Ethernet/socket.o
 .bss.sock_remained_size
                0x00000000200000e8       0x10 ioLibrary_Driver/Ethernet/socket.o
 .bss.sock_pack_info
                0x00000000200000f8        0x8 ioLibrary_Driver/Ethernet/socket.o
                0x00000000200000f8                sock_pack_info
 .bss._DNS_     0x0000000020000100        0x4 ioLibrary_Driver/Ethernet/wizchip_conf.o
 .bss._DHCP_    0x0000000020000104        0x1 ioLibrary_Driver/Ethernet/wizchip_conf.o
 *fill*         0x0000000020000105        0x3 
 .bss.HTTPSock_Num
                0x0000000020000108        0x8 ioLibrary_Driver/Internet/httpServer/httpServer.o
 .bss.http_request
                0x0000000020000110        0x4 ioLibrary_Driver/Internet/httpServer/httpServer.o
 .bss.parsed_http_request
                0x0000000020000114        0x4 ioLibrary_Driver/Internet/httpServer/httpServer.o
 .bss.http_response
                0x0000000020000118        0x4 ioLibrary_Driver/Internet/httpServer/httpServer.o
 .bss.total_content_cnt
                0x000000002000011c        0x2 ioLibrary_Driver/Internet/httpServer/httpServer.o
 *fill*         0x000000002000011e        0x2 
 .bss.httpServer_tick_1s
                0x0000000020000120        0x4 ioLibrary_Driver/Internet/httpServer/httpServer.o
                0x0000000020000120                httpServer_tick_1s
 .bss.HTTPSock_Status
                0x0000000020000124      0x4a0 ioLibrary_Driver/Internet/httpServer/httpServer.o
                0x0000000020000124                HTTPSock_Status
 .bss.__malloc_free_list
                0x00000000200005c4        0x4 c:/st/stm32cubeide_1.3.0/stm32cubeide/plugins/com.st.stm32cube.ide.mcu.externaltools.gnu-tools-for-stm32.7-2018-q2-update.win32_1.5.0.202011040924/tools/bin/../lib/gcc/arm-none-eabi/7.3.1/../../../../arm-none-eabi/lib/thumb/v7-m\libc_nano.a(lib_a-nano-mallocr.o)
                0x00000000200005c4                __malloc_free_list
 .bss.__malloc_sbrk_start
                0x00000000200005c8        0x4 c:/st/stm32cubeide_1.3.0/stm32cubeide/plugins/com.st.stm32cube.ide.mcu.externaltools.gnu-tools-for-stm32.7-2018-q2-update.win32_1.5.0.202011040924/tools/bin/../lib/gcc/arm-none-eabi/7.3.1/../../../../arm-none-eabi/lib/thumb/v7-m\libc_nano.a(lib_a-nano-mallocr.o)
                0x00000000200005c8                __malloc_sbrk_start
 *(COMMON)
 COMMON         0x00000000200005cc     0x1000 Core/Src/APP_Web.o
                0x00000000200005cc                RX_BUF
                0x0000000020000dcc                TX_BUF
 COMMON         0x00000000200015cc       0xa0 Core/Src/main.o
                0x00000000200015cc                TickWeb
                0x00000000200015d0                hspi2
                0x0000000020001628                huart4
 COMMON         0x000000002000166c       0x48 Core/Src/stm32f1xx_hal_timebase_tim.o
                0x000000002000166c                htim6
 COMMON         0x00000000200016b4        0x4 Drivers/STM32F1xx_HAL_Driver/Src/stm32f1xx_hal.o
                0x00000000200016b4                uwTick
 COMMON         0x00000000200016b8      0x100 ioLibrary_Driver/Internet/httpServer/httpParser.o
                0x00000000200016b8                BUFPUB
 COMMON         0x00000000200017b8       0xf8 ioLibrary_Driver/Internet/httpServer/httpServer.o
                0x00000000200017b8                pHTTP_TX
                0x00000000200017bc                pHTTP_RX
                0x00000000200017c0                web_content
 COMMON         0x00000000200018b0        0x4 c:/st/stm32cubeide_1.3.0/stm32cubeide/plugins/com.st.stm32cube.ide.mcu.externaltools.gnu-tools-for-stm32.7-2018-q2-update.win32_1.5.0.202011040924/tools/bin/../lib/gcc/arm-none-eabi/7.3.1/../../../../arm-none-eabi/lib/thumb/v7-m\libc_nano.a(lib_a-reent.o)
                0x00000000200018b0                errno
                0x00000000200018b4                . = ALIGN (0x4)
                0x00000000200018b4                _ebss = .
                0x00000000200018b4                __bss_end__ = _ebss

._user_heap_stack
                0x00000000200018b4      0x604 load address 0x000000000800ca44
                0x00000000200018b8                . = ALIGN (0x8)
 *fill*         0x00000000200018b4        0x4 
                [!provide]                        PROVIDE (end = .)
                0x00000000200018b8                PROVIDE (_end = .)
                0x0000000020001ab8                . = (. + _Min_Heap_Size)
 *fill*         0x00000000200018b8      0x200 
                0x0000000020001eb8                . = (. + _Min_Stack_Size)
 *fill*         0x0000000020001ab8      0x400 
                0x0000000020001eb8                . = ALIGN (0x8)

/DISCARD/
 libc.a(*)
 libm.a(*)
 libgcc.a(*)

.ARM.attributes
                0x0000000000000000       0x29
 *(.ARM.attributes)
 .ARM.attributes
                0x0000000000000000       0x1d c:/st/stm32cubeide_1.3.0/stm32cubeide/plugins/com.st.stm32cube.ide.mcu.externaltools.gnu-tools-for-stm32.7-2018-q2-update.win32_1.5.0.202011040924/tools/bin/../lib/gcc/arm-none-eabi/7.3.1/thumb/v7-m/crti.o
 .ARM.attributes
                0x000000000000001d       0x2d c:/st/stm32cubeide_1.3.0/stm32cubeide/plugins/com.st.stm32cube.ide.mcu.externaltools.gnu-tools-for-stm32.7-2018-q2-update.win32_1.5.0.202011040924/tools/bin/../lib/gcc/arm-none-eabi/7.3.1/thumb/v7-m/crtbegin.o
 .ARM.attributes
                0x000000000000004a       0x33 Core/Src/APP_Web.o
 .ARM.attributes
                0x000000000000007d       0x33 Core/Src/main.o
 .ARM.attributes
                0x00000000000000b0       0x33 Core/Src/stm32f1xx_hal_msp.o
 .ARM.attributes
                0x00000000000000e3       0x33 Core/Src/stm32f1xx_hal_timebase_tim.o
 .ARM.attributes
                0x0000000000000116       0x33 Core/Src/stm32f1xx_it.o
 .ARM.attributes
                0x0000000000000149       0x33 Core/Src/syscalls.o
 .ARM.attributes
                0x000000000000017c       0x33 Core/Src/sysmem.o
 .ARM.attributes
                0x00000000000001af       0x33 Core/Src/system_stm32f1xx.o
 .ARM.attributes
                0x00000000000001e2       0x33 Core/Src/userHandler.o
 .ARM.attributes
                0x0000000000000215       0x33 Core/Src/w5500_init.o
 .ARM.attributes
                0x0000000000000248       0x21 Core/Startup/startup_stm32f103vetx.o
 .ARM.attributes
                0x0000000000000269       0x33 Drivers/STM32F1xx_HAL_Driver/Src/stm32f1xx_hal.o
 .ARM.attributes
                0x000000000000029c       0x33 Drivers/STM32F1xx_HAL_Driver/Src/stm32f1xx_hal_cortex.o
 .ARM.attributes
                0x00000000000002cf       0x33 Drivers/STM32F1xx_HAL_Driver/Src/stm32f1xx_hal_gpio.o
 .ARM.attributes
                0x0000000000000302       0x33 Drivers/STM32F1xx_HAL_Driver/Src/stm32f1xx_hal_rcc.o
 .ARM.attributes
                0x0000000000000335       0x33 Drivers/STM32F1xx_HAL_Driver/Src/stm32f1xx_hal_spi.o
 .ARM.attributes
                0x0000000000000368       0x33 Drivers/STM32F1xx_HAL_Driver/Src/stm32f1xx_hal_tim.o
 .ARM.attributes
                0x000000000000039b       0x33 Drivers/STM32F1xx_HAL_Driver/Src/stm32f1xx_hal_tim_ex.o
 .ARM.attributes
                0x00000000000003ce       0x33 Drivers/STM32F1xx_HAL_Driver/Src/stm32f1xx_hal_uart.o
 .ARM.attributes
                0x0000000000000401       0x33 ioLibrary_Driver/Application/loopback/loopback.o
 .ARM.attributes
                0x0000000000000434       0x33 ioLibrary_Driver/Ethernet/W5500/w5500.o
 .ARM.attributes
                0x0000000000000467       0x33 ioLibrary_Driver/Ethernet/socket.o
 .ARM.attributes
                0x000000000000049a       0x33 ioLibrary_Driver/Ethernet/wizchip_conf.o
 .ARM.attributes
                0x00000000000004cd       0x33 ioLibrary_Driver/Internet/httpServer/httpParser.o
 .ARM.attributes
                0x0000000000000500       0x33 ioLibrary_Driver/Internet/httpServer/httpServer.o
 .ARM.attributes
                0x0000000000000533       0x33 ioLibrary_Driver/Internet/httpServer/httpUtil.o
 .ARM.attributes
                0x0000000000000566       0x2d c:/st/stm32cubeide_1.3.0/stm32cubeide/plugins/com.st.stm32cube.ide.mcu.externaltools.gnu-tools-for-stm32.7-2018-q2-update.win32_1.5.0.202011040924/tools/bin/../lib/gcc/arm-none-eabi/7.3.1/../../../../arm-none-eabi/lib/thumb/v7-m\libc_nano.a(lib_a-errno.o)
 .ARM.attributes
                0x0000000000000593       0x2d c:/st/stm32cubeide_1.3.0/stm32cubeide/plugins/com.st.stm32cube.ide.mcu.externaltools.gnu-tools-for-stm32.7-2018-q2-update.win32_1.5.0.202011040924/tools/bin/../lib/gcc/arm-none-eabi/7.3.1/../../../../arm-none-eabi/lib/thumb/v7-m\libc_nano.a(lib_a-impure.o)
 .ARM.attributes
                0x00000000000005c0       0x2d c:/st/stm32cubeide_1.3.0/stm32cubeide/plugins/com.st.stm32cube.ide.mcu.externaltools.gnu-tools-for-stm32.7-2018-q2-update.win32_1.5.0.202011040924/tools/bin/../lib/gcc/arm-none-eabi/7.3.1/../../../../arm-none-eabi/lib/thumb/v7-m\libc_nano.a(lib_a-init.o)
 .ARM.attributes
                0x00000000000005ed       0x2d c:/st/stm32cubeide_1.3.0/stm32cubeide/plugins/com.st.stm32cube.ide.mcu.externaltools.gnu-tools-for-stm32.7-2018-q2-update.win32_1.5.0.202011040924/tools/bin/../lib/gcc/arm-none-eabi/7.3.1/../../../../arm-none-eabi/lib/thumb/v7-m\libc_nano.a(lib_a-malloc.o)
 .ARM.attributes
                0x000000000000061a       0x2d c:/st/stm32cubeide_1.3.0/stm32cubeide/plugins/com.st.stm32cube.ide.mcu.externaltools.gnu-tools-for-stm32.7-2018-q2-update.win32_1.5.0.202011040924/tools/bin/../lib/gcc/arm-none-eabi/7.3.1/../../../../arm-none-eabi/lib/thumb/v7-m\libc_nano.a(lib_a-memcpy-stub.o)
 .ARM.attributes
                0x0000000000000647       0x2d c:/st/stm32cubeide_1.3.0/stm32cubeide/plugins/com.st.stm32cube.ide.mcu.externaltools.gnu-tools-for-stm32.7-2018-q2-update.win32_1.5.0.202011040924/tools/bin/../lib/gcc/arm-none-eabi/7.3.1/../../../../arm-none-eabi/lib/thumb/v7-m\libc_nano.a(lib_a-memset.o)
 .ARM.attributes
                0x0000000000000674       0x2d c:/st/stm32cubeide_1.3.0/stm32cubeide/plugins/com.st.stm32cube.ide.mcu.externaltools.gnu-tools-for-stm32.7-2018-q2-update.win32_1.5.0.202011040924/tools/bin/../lib/gcc/arm-none-eabi/7.3.1/../../../../arm-none-eabi/lib/thumb/v7-m\libc_nano.a(lib_a-nano-freer.o)
 .ARM.attributes
                0x00000000000006a1       0x2d c:/st/stm32cubeide_1.3.0/stm32cubeide/plugins/com.st.stm32cube.ide.mcu.externaltools.gnu-tools-for-stm32.7-2018-q2-update.win32_1.5.0.202011040924/tools/bin/../lib/gcc/arm-none-eabi/7.3.1/../../../../arm-none-eabi/lib/thumb/v7-m\libc_nano.a(lib_a-nano-mallocr.o)
 .ARM.attributes
                0x00000000000006ce       0x2d c:/st/stm32cubeide_1.3.0/stm32cubeide/plugins/com.st.stm32cube.ide.mcu.externaltools.gnu-tools-for-stm32.7-2018-q2-update.win32_1.5.0.202011040924/tools/bin/../lib/gcc/arm-none-eabi/7.3.1/../../../../arm-none-eabi/lib/thumb/v7-m\libc_nano.a(lib_a-printf.o)
 .ARM.attributes
                0x00000000000006fb       0x2d c:/st/stm32cubeide_1.3.0/stm32cubeide/plugins/com.st.stm32cube.ide.mcu.externaltools.gnu-tools-for-stm32.7-2018-q2-update.win32_1.5.0.202011040924/tools/bin/../lib/gcc/arm-none-eabi/7.3.1/../../../../arm-none-eabi/lib/thumb/v7-m\libc_nano.a(lib_a-puts.o)
 .ARM.attributes
                0x0000000000000728       0x2d c:/st/stm32cubeide_1.3.0/stm32cubeide/plugins/com.st.stm32cube.ide.mcu.externaltools.gnu-tools-for-stm32.7-2018-q2-update.win32_1.5.0.202011040924/tools/bin/../lib/gcc/arm-none-eabi/7.3.1/../../../../arm-none-eabi/lib/thumb/v7-m\libc_nano.a(lib_a-sbrkr.o)
 .ARM.attributes
                0x0000000000000755       0x2d c:/st/stm32cubeide_1.3.0/stm32cubeide/plugins/com.st.stm32cube.ide.mcu.externaltools.gnu-tools-for-stm32.7-2018-q2-update.win32_1.5.0.202011040924/tools/bin/../lib/gcc/arm-none-eabi/7.3.1/../../../../arm-none-eabi/lib/thumb/v7-m\libc_nano.a(lib_a-sprintf.o)
 .ARM.attributes
                0x0000000000000782       0x2d c:/st/stm32cubeide_1.3.0/stm32cubeide/plugins/com.st.stm32cube.ide.mcu.externaltools.gnu-tools-for-stm32.7-2018-q2-update.win32_1.5.0.202011040924/tools/bin/../lib/gcc/arm-none-eabi/7.3.1/../../../../arm-none-eabi/lib/thumb/v7-m\libc_nano.a(lib_a-stdio.o)
 .ARM.attributes
                0x00000000000007af       0x2d c:/st/stm32cubeide_1.3.0/stm32cubeide/plugins/com.st.stm32cube.ide.mcu.externaltools.gnu-tools-for-stm32.7-2018-q2-update.win32_1.5.0.202011040924/tools/bin/../lib/gcc/arm-none-eabi/7.3.1/../../../../arm-none-eabi/lib/thumb/v7-m\libc_nano.a(lib_a-strcat.o)
 .ARM.attributes
                0x00000000000007dc       0x2d c:/st/stm32cubeide_1.3.0/stm32cubeide/plugins/com.st.stm32cube.ide.mcu.externaltools.gnu-tools-for-stm32.7-2018-q2-update.win32_1.5.0.202011040924/tools/bin/../lib/gcc/arm-none-eabi/7.3.1/../../../../arm-none-eabi/lib/thumb/v7-m\libc_nano.a(lib_a-strchr.o)
 .ARM.attributes
                0x0000000000000809       0x1b c:/st/stm32cubeide_1.3.0/stm32cubeide/plugins/com.st.stm32cube.ide.mcu.externaltools.gnu-tools-for-stm32.7-2018-q2-update.win32_1.5.0.202011040924/tools/bin/../lib/gcc/arm-none-eabi/7.3.1/../../../../arm-none-eabi/lib/thumb/v7-m\libc_nano.a(lib_a-strcmp.o)
 .ARM.attributes
                0x0000000000000824       0x2d c:/st/stm32cubeide_1.3.0/stm32cubeide/plugins/com.st.stm32cube.ide.mcu.externaltools.gnu-tools-for-stm32.7-2018-q2-update.win32_1.5.0.202011040924/tools/bin/../lib/gcc/arm-none-eabi/7.3.1/../../../../arm-none-eabi/lib/thumb/v7-m\libc_nano.a(lib_a-strcpy.o)
 .ARM.attributes
                0x0000000000000851       0x17 c:/st/stm32cubeide_1.3.0/stm32cubeide/plugins/com.st.stm32cube.ide.mcu.externaltools.gnu-tools-for-stm32.7-2018-q2-update.win32_1.5.0.202011040924/tools/bin/../lib/gcc/arm-none-eabi/7.3.1/../../../../arm-none-eabi/lib/thumb/v7-m\libc_nano.a(lib_a-strlen.o)
 .ARM.attributes
                0x0000000000000868       0x2d c:/st/stm32cubeide_1.3.0/stm32cubeide/plugins/com.st.stm32cube.ide.mcu.externaltools.gnu-tools-for-stm32.7-2018-q2-update.win32_1.5.0.202011040924/tools/bin/../lib/gcc/arm-none-eabi/7.3.1/../../../../arm-none-eabi/lib/thumb/v7-m\libc_nano.a(lib_a-strncpy.o)
 .ARM.attributes
                0x0000000000000895       0x2d c:/st/stm32cubeide_1.3.0/stm32cubeide/plugins/com.st.stm32cube.ide.mcu.externaltools.gnu-tools-for-stm32.7-2018-q2-update.win32_1.5.0.202011040924/tools/bin/../lib/gcc/arm-none-eabi/7.3.1/../../../../arm-none-eabi/lib/thumb/v7-m\libc_nano.a(lib_a-strstr.o)
 .ARM.attributes
                0x00000000000008c2       0x2d c:/st/stm32cubeide_1.3.0/stm32cubeide/plugins/com.st.stm32cube.ide.mcu.externaltools.gnu-tools-for-stm32.7-2018-q2-update.win32_1.5.0.202011040924/tools/bin/../lib/gcc/arm-none-eabi/7.3.1/../../../../arm-none-eabi/lib/thumb/v7-m\libc_nano.a(lib_a-strtok.o)
 .ARM.attributes
                0x00000000000008ef       0x2d c:/st/stm32cubeide_1.3.0/stm32cubeide/plugins/com.st.stm32cube.ide.mcu.externaltools.gnu-tools-for-stm32.7-2018-q2-update.win32_1.5.0.202011040924/tools/bin/../lib/gcc/arm-none-eabi/7.3.1/../../../../arm-none-eabi/lib/thumb/v7-m\libc_nano.a(lib_a-strtok_r.o)
 .ARM.attributes
                0x000000000000091c       0x2d c:/st/stm32cubeide_1.3.0/stm32cubeide/plugins/com.st.stm32cube.ide.mcu.externaltools.gnu-tools-for-stm32.7-2018-q2-update.win32_1.5.0.202011040924/tools/bin/../lib/gcc/arm-none-eabi/7.3.1/../../../../arm-none-eabi/lib/thumb/v7-m\libc_nano.a(lib_a-wbuf.o)
 .ARM.attributes
                0x0000000000000949       0x2d c:/st/stm32cubeide_1.3.0/stm32cubeide/plugins/com.st.stm32cube.ide.mcu.externaltools.gnu-tools-for-stm32.7-2018-q2-update.win32_1.5.0.202011040924/tools/bin/../lib/gcc/arm-none-eabi/7.3.1/../../../../arm-none-eabi/lib/thumb/v7-m\libc_nano.a(lib_a-writer.o)
 .ARM.attributes
                0x0000000000000976       0x2d c:/st/stm32cubeide_1.3.0/stm32cubeide/plugins/com.st.stm32cube.ide.mcu.externaltools.gnu-tools-for-stm32.7-2018-q2-update.win32_1.5.0.202011040924/tools/bin/../lib/gcc/arm-none-eabi/7.3.1/../../../../arm-none-eabi/lib/thumb/v7-m\libc_nano.a(lib_a-wsetup.o)
 .ARM.attributes
                0x00000000000009a3       0x2d c:/st/stm32cubeide_1.3.0/stm32cubeide/plugins/com.st.stm32cube.ide.mcu.externaltools.gnu-tools-for-stm32.7-2018-q2-update.win32_1.5.0.202011040924/tools/bin/../lib/gcc/arm-none-eabi/7.3.1/../../../../arm-none-eabi/lib/thumb/v7-m\libc_nano.a(lib_a-closer.o)
 .ARM.attributes
                0x00000000000009d0       0x2d c:/st/stm32cubeide_1.3.0/stm32cubeide/plugins/com.st.stm32cube.ide.mcu.externaltools.gnu-tools-for-stm32.7-2018-q2-update.win32_1.5.0.202011040924/tools/bin/../lib/gcc/arm-none-eabi/7.3.1/../../../../arm-none-eabi/lib/thumb/v7-m\libc_nano.a(lib_a-fflush.o)
 .ARM.attributes
                0x00000000000009fd       0x2d c:/st/stm32cubeide_1.3.0/stm32cubeide/plugins/com.st.stm32cube.ide.mcu.externaltools.gnu-tools-for-stm32.7-2018-q2-update.win32_1.5.0.202011040924/tools/bin/../lib/gcc/arm-none-eabi/7.3.1/../../../../arm-none-eabi/lib/thumb/v7-m\libc_nano.a(lib_a-findfp.o)
 .ARM.attributes
                0x0000000000000a2a       0x2d c:/st/stm32cubeide_1.3.0/stm32cubeide/plugins/com.st.stm32cube.ide.mcu.externaltools.gnu-tools-for-stm32.7-2018-q2-update.win32_1.5.0.202011040924/tools/bin/../lib/gcc/arm-none-eabi/7.3.1/../../../../arm-none-eabi/lib/thumb/v7-m\libc_nano.a(lib_a-fwalk.o)
 .ARM.attributes
                0x0000000000000a57       0x2d c:/st/stm32cubeide_1.3.0/stm32cubeide/plugins/com.st.stm32cube.ide.mcu.externaltools.gnu-tools-for-stm32.7-2018-q2-update.win32_1.5.0.202011040924/tools/bin/../lib/gcc/arm-none-eabi/7.3.1/../../../../arm-none-eabi/lib/thumb/v7-m\libc_nano.a(lib_a-lseekr.o)
 .ARM.attributes
                0x0000000000000a84       0x2d c:/st/stm32cubeide_1.3.0/stm32cubeide/plugins/com.st.stm32cube.ide.mcu.externaltools.gnu-tools-for-stm32.7-2018-q2-update.win32_1.5.0.202011040924/tools/bin/../lib/gcc/arm-none-eabi/7.3.1/../../../../arm-none-eabi/lib/thumb/v7-m\libc_nano.a(lib_a-makebuf.o)
 .ARM.attributes
                0x0000000000000ab1       0x2d c:/st/stm32cubeide_1.3.0/stm32cubeide/plugins/com.st.stm32cube.ide.mcu.externaltools.gnu-tools-for-stm32.7-2018-q2-update.win32_1.5.0.202011040924/tools/bin/../lib/gcc/arm-none-eabi/7.3.1/../../../../arm-none-eabi/lib/thumb/v7-m\libc_nano.a(lib_a-mlock.o)
 .ARM.attributes
                0x0000000000000ade       0x2d c:/st/stm32cubeide_1.3.0/stm32cubeide/plugins/com.st.stm32cube.ide.mcu.externaltools.gnu-tools-for-stm32.7-2018-q2-update.win32_1.5.0.202011040924/tools/bin/../lib/gcc/arm-none-eabi/7.3.1/../../../../arm-none-eabi/lib/thumb/v7-m\libc_nano.a(lib_a-nano-svfprintf.o)
 .ARM.attributes